Archive member included to satisfy reference by file (symbol)

app/libapp.a(main.c.obj)      (--whole-archive)
app/libapp.a(board_functions.c.obj)
                              (--whole-archive)
app/libapp.a(adc.c.obj)       (--whole-archive)
zephyr/libzephyr.a(isr_tables.c.obj)
                              (--whole-archive)
zephyr/libzephyr.a(sw_isr_common.c.obj)
                              (--whole-archive)
zephyr/libzephyr.a(crc32_sw.c.obj)
                              (--whole-archive)
zephyr/libzephyr.a(crc16_sw.c.obj)
                              (--whole-archive)
zephyr/libzephyr.a(crc8_sw.c.obj)
                              (--whole-archive)
zephyr/libzephyr.a(crc7_sw.c.obj)
                              (--whole-archive)
zephyr/libzephyr.a(fdtable.c.obj)
                              (--whole-archive)
zephyr/libzephyr.a(hex.c.obj)
                              (--whole-archive)
zephyr/libzephyr.a(mempool.c.obj)
                              (--whole-archive)
zephyr/libzephyr.a(rb.c.obj)  (--whole-archive)
zephyr/libzephyr.a(sem.c.obj)
                              (--whole-archive)
zephyr/libzephyr.a(thread_entry.c.obj)
                              (--whole-archive)
zephyr/libzephyr.a(timeutil.c.obj)
                              (--whole-archive)
zephyr/libzephyr.a(work_q.c.obj)
                              (--whole-archive)
zephyr/libzephyr.a(printk.c.obj)
                              (--whole-archive)
zephyr/libzephyr.a(configs.c.obj)
                              (--whole-archive)
zephyr/libzephyr.a(soc.c.obj)
                              (--whole-archive)
zephyr/libzephyr.a(power.c.obj)
                              (--whole-archive)
zephyr/libzephyr.a(mpu_regions.c.obj)
                              (--whole-archive)
zephyr/libzephyr.a(utils.c.obj)
                              (--whole-archive)
zephyr/libzephyr.a(ecc_dh.c.obj)
                              (--whole-archive)
zephyr/libzephyr.a(ecc.c.obj)
                              (--whole-archive)
zephyr/libzephyr.a(aes_decrypt.c.obj)
                              (--whole-archive)
zephyr/libzephyr.a(aes_encrypt.c.obj)
                              (--whole-archive)
zephyr/libzephyr.a(cmac_mode.c.obj)
                              (--whole-archive)
zephyr/libzephyr.a(system_nrf52810.c.obj)
                              (--whole-archive)
zephyr/libzephyr.a(nrfx_glue.c.obj)
                              (--whole-archive)
zephyr/libzephyr.a(nrfx_pwm.c.obj)
                              (--whole-archive)
zephyr/libzephyr.a(addr_utils.c.obj)
                              (--whole-archive)
zephyr/libzephyr.a(rand32_entropy_device.c.obj)
                              (--whole-archive)
zephyr/libzephyr.a(power.c.obj)
                              (--whole-archive)
zephyr/libzephyr.a(policy_residency.c.obj)
                              (--whole-archive)
zephyr/libzephyr.a(uart_console.c.obj)
                              (--whole-archive)
zephyr/libzephyr.a(nrf_power_clock.c.obj)
                              (--whole-archive)
zephyr/libzephyr.a(sys_clock_init.c.obj)
                              (--whole-archive)
zephyr/libzephyr.a(nrf_rtc_timer.c.obj)
                              (--whole-archive)
zephyr/libzephyr.a(nus.c.obj)
                              (--whole-archive)
zephyr/arch/arm/core/libarch__arm__core.a(exc_exit.S.obj)
                              (--whole-archive)
zephyr/arch/arm/core/libarch__arm__core.a(swap_helper.S.obj)
                              (--whole-archive)
zephyr/arch/arm/core/libarch__arm__core.a(cpu_idle.S.obj)
                              (--whole-archive)
zephyr/arch/arm/core/libarch__arm__core.a(fault_s.S.obj)
                              (--whole-archive)
zephyr/arch/arm/core/libarch__arm__core.a(nmi_on_reset.S.obj)
                              (--whole-archive)
zephyr/arch/arm/core/libarch__arm__core.a(isr_wrapper.S.obj)
                              (--whole-archive)
zephyr/arch/arm/core/libarch__arm__core.a(swap.c.obj)
                              (--whole-archive)
zephyr/arch/arm/core/libarch__arm__core.a(irq_manage.c.obj)
                              (--whole-archive)
zephyr/arch/arm/core/libarch__arm__core.a(thread.c.obj)
                              (--whole-archive)
zephyr/arch/arm/core/libarch__arm__core.a(fatal.c.obj)
                              (--whole-archive)
zephyr/arch/arm/core/libarch__arm__core.a(nmi.c.obj)
                              (--whole-archive)
zephyr/arch/arm/core/libarch__arm__core.a(prep_c.c.obj)
                              (--whole-archive)
zephyr/arch/arm/core/cortex_m/libarch__arm__core__cortex_m.a(vector_table.S.obj)
                              (--whole-archive)
zephyr/arch/arm/core/cortex_m/libarch__arm__core__cortex_m.a(reset.S.obj)
                              (--whole-archive)
zephyr/arch/arm/core/cortex_m/libarch__arm__core__cortex_m.a(fault.c.obj)
                              (--whole-archive)
[...]
Memory Configuration

Name             Origin             Length             Attributes
FLASH            0x00000000         0x00030000         xr
SRAM             0x20000000         0x00006000         xw
IDT_LIST         0x20006000         0x00000800         xw
*default*        0x00000000         0xffffffff

Linker script and memory map

LOAD zephyr/CMakeFiles/zephyr_prebuilt.dir/misc/empty_file.c.obj
                0x00000020                _region_min_align = 0x20

.rel.plt        0x00000000        0x0
 *(SORT_BY_ALIGNMENT(.rel.plt))
                [!provide]                PROVIDE (__rel_iplt_start = .)
 *(SORT_BY_ALIGNMENT(.rel.iplt))
 .rel.iplt      0x00000000        0x0 app/libapp.a(main.c.obj)
                [!provide]                PROVIDE (__rel_iplt_end = .)

.rela.plt       0x00000000        0x0
 *(SORT_BY_ALIGNMENT(.rela.plt))
                [!provide]                PROVIDE (__rela_iplt_start = .)
 *(SORT_BY_ALIGNMENT(.rela.iplt))
                [!provide]                PROVIDE (__rela_iplt_end = .)

.rel.dyn
 *(SORT_BY_ALIGNMENT(.rel.*))

.rela.dyn
 *(SORT_BY_ALIGNMENT(.rela.*))

/DISCARD/
 *(SORT_BY_ALIGNMENT(.plt))
 *(SORT_BY_ALIGNMENT(.iplt))
 *(SORT_BY_ALIGNMENT(.got.plt))
 *(SORT_BY_ALIGNMENT(.igot.plt))
 *(SORT_BY_ALIGNMENT(.got))
 *(SORT_BY_ALIGNMENT(.igot))
                0x00000000                _image_rom_start = 0x0

text            0x00000000       0xb8
                0x00000000                . = 0x0
                0x00000000                _vector_start = .
 *(SORT_BY_ALIGNMENT(.exc_vector_table))
 *(SORT_BY_ALIGNMENT(.exc_vector_table.*))
 .exc_vector_table._vector_table_section
                0x00000000       0x40 zephyr/arch/arm/core/cortex_m/libarch__arm__core__cortex_m.a(vector_table.S.obj)
                0x00000000                _vector_table
 *(SORT_BY_ALIGNMENT(.gnu.linkonce.irq_vector_table))
 .gnu.linkonce.irq_vector_table
                0x00000040       0x78 zephyr/libzephyr.a(isr_tables.c.obj)
                0x00000040                _irq_vector_table
 *(SORT_BY_ALIGNMENT(.vectors))
 *(SORT_BY_ALIGNMENT(.openocd_dbg))
 *(SORT_BY_ALIGNMENT(.openocd_dbg.*))
 *(SORT_BY_ALIGNMENT(.kinetis_flash_config))
 *(SORT_BY_ALIGNMENT(.kinetis_flash_config.*))
                0x000000b8                _vector_end = .

_TEXT_SECTION_NAME_2
                0x000000b8    0x17158
                0x000000b8                _image_text_start = .
 *(SORT_BY_ALIGNMENT(.text))
 .text          0x000000b8      0x21c c:/program files (x86)/gnu tools arm embedded/7 2018-q2-update/bin/../lib/gcc/arm-none-eabi/7.3.1/thumb/v7e-m\libgcc.a(_arm_addsubsf3.o)
                0x000000b8                __aeabi_frsub
                0x000000c0                __subsf3
                0x000000c0                __aeabi_fsub
                0x000000c4                __aeabi_fadd
                0x000000c4                __addsf3
                0x00000224                __aeabi_ui2f
                0x00000224                __floatunsisf
                0x0000022c                __aeabi_i2f
                0x0000022c                __floatsisf
                0x00000248                __aeabi_ul2f
                0x00000248                __floatundisf
                0x00000258                __aeabi_l2f
                0x00000258                __floatdisf
 .text          0x000002d4      0x2a0 c:/program files (x86)/gnu tools arm embedded/7 2018-q2-update/bin/../lib/gcc/arm-none-eabi/7.3.1/thumb/v7e-m\libgcc.a(_arm_muldivsf3.o)
                0x000002d4                __mulsf3
                0x000002d4                __aeabi_fmul
                0x0000043c                __aeabi_fdiv
                0x0000043c                __divsf3
 .text          0x00000574       0x4c c:/program files (x86)/gnu tools arm embedded/7 2018-q2-update/bin/../lib/gcc/arm-none-eabi/7.3.1/thumb/v7e-m\libgcc.a(_arm_fixsfsi.o)
                0x00000574                __aeabi_f2iz
                0x00000574                __fixsfsi
 .text          0x000005c0       0x40 c:/program files (x86)/gnu tools arm embedded/7 2018-q2-update/bin/../lib/gcc/arm-none-eabi/7.3.1/thumb/v7e-m\libgcc.a(_arm_fixunssfsi.o)
                0x000005c0                __fixunssfsi
                0x000005c0                __aeabi_f2uiz
 .text          0x00000600       0xa0 c:/program files (x86)/gnu tools arm embedded/7 2018-q2-update/bin/../lib/gcc/arm-none-eabi/7.3.1/thumb/v7e-m\libgcc.a(_aeabi_ldivmod.o)
                0x00000600                __aeabi_ldivmod
 .text          0x000006a0       0x30 c:/program files (x86)/gnu tools arm embedded/7 2018-q2-update/bin/../lib/gcc/arm-none-eabi/7.3.1/thumb/v7e-m\libgcc.a(_aeabi_uldivmod.o)
                0x000006a0                __aeabi_uldivmod
 .text          0x000006d0      0x2cc c:/program files (x86)/gnu tools arm embedded/7 2018-q2-update/bin/../lib/gcc/arm-none-eabi/7.3.1/thumb/v7e-m\libgcc.a(_udivmoddi4.o)
                0x000006d0                __udivmoddi4
 .text          0x0000099c        0x4 c:/program files (x86)/gnu tools arm embedded/7 2018-q2-update/bin/../lib/gcc/arm-none-eabi/7.3.1/thumb/v7e-m\libgcc.a(_dvmd_tls.o)
                0x0000099c                __aeabi_idiv0
                0x0000099c                __aeabi_ldiv0
 *(SORT_BY_ALIGNMENT(.text.*))
 .text.hci_init
                0x000009a0      0x474 zephyr/subsys/bluetooth/host/libsubsys__bluetooth__host.a(hci_core.c.obj)
 *fill*         0x00000e14        0x4 
 .text.event_slave_prepare
                0x00000e18     0x10c4 zephyr/subsys/bluetooth/controller/libsubsys__bluetooth__controller.a(ctrl.c.obj)
 *fill*         0x00001edc        0x4 
 .text.isr      0x00001ee0     0x1648 zephyr/subsys/bluetooth/controller/libsubsys__bluetooth__controller.a(ctrl.c.obj)
 .text.radio_adv_enable
                0x00003528      0x344 zephyr/subsys/bluetooth/controller/libsubsys__bluetooth__controller.a(ctrl.c.obj)
                0x00003528                radio_adv_enable
 .text.security_changed
                0x0000386c        0xc app/libapp.a(main.c.obj)
                0x0000386c                security_changed
 .text.pairing_complete
                0x00003878       0x10 app/libapp.a(main.c.obj)
                0x00003878                pairing_complete
 .text.pairing_failed
                0x00003888        0xc app/libapp.a(main.c.obj)
                0x00003888                pairing_failed
 .text.disconnected
                0x00003894       0x3c app/libapp.a(main.c.obj)
                0x00003894                disconnected
 .text.auth_done
                0x000038d0       0x20 app/libapp.a(main.c.obj)
                0x000038d0                auth_done
 .text.connected
                0x000038f0       0x38 app/libapp.a(main.c.obj)
                0x000038f0                connected
 .text.bt_ready
                0x00003928       0x78 app/libapp.a(main.c.obj)
                0x00003928                bt_ready
 .text.bt_addr_le_to_str.constprop.3
                0x000039a0       0x78 app/libapp.a(main.c.obj)
 .text.bt_receive_cb
                0x00003a18       0xf8 app/libapp.a(main.c.obj)
                0x00003a18                bt_receive_cb
 .text.auth_cancel
                0x00003b10       0x20 app/libapp.a(main.c.obj)
                0x00003b10                auth_cancel
 .text.auth_passkey_confirm
                0x00003b30       0x3c app/libapp.a(main.c.obj)
                0x00003b30                auth_passkey_confirm
 .text.auth_passkey_display
                0x00003b6c       0x24 app/libapp.a(main.c.obj)
                0x00003b6c                auth_passkey_display
 .text.ble_write_thread
                0x00003b90       0x50 app/libapp.a(main.c.obj)
                0x00003b90                ble_write_thread
 .text.uart_cb  0x00003be0      0x100 app/libapp.a(main.c.obj)
 .text.error    0x00003ce0       0x5c app/libapp.a(main.c.obj)
                0x00003ce0                error
 .text.configure_buttons
                0x00003d3c       0x20 app/libapp.a(main.c.obj)
                0x00003d3c                configure_buttons
 .text.setup_pwm
                0x00003d5c       0x44 app/libapp.a(main.c.obj)
                0x00003d5c                setup_pwm
 .text.random_char
                0x00003da0       0x20 app/libapp.a(main.c.obj)
                0x00003da0                random_char
 .text.encrypt  0x00003dc0       0x74 app/libapp.a(main.c.obj)
                0x00003dc0                encrypt
 .text.led_blink_thread
                0x00003e34      0x104 app/libapp.a(main.c.obj)
 .text.set_pwm_value
                0x00003f38       0x28 app/libapp.a(main.c.obj)
                0x00003f38                set_pwm_value
 .text.manual_pwm_thread
                0x00003f60       0x18 app/libapp.a(main.c.obj)
                0x00003f60                manual_pwm_thread
 .text.set_led_state
                0x00003f78       0x20 app/libapp.a(board_functions.c.obj)
                0x00003f78                set_led_state
 .text.init_gpio
                0x00003f98       0xa4 app/libapp.a(board_functions.c.obj)
                0x00003f98                init_gpio
 .text.sample_adc
                0x0000403c       0xd8 app/libapp.a(adc.c.obj)
                0x0000403c                sample_adc
 .text.char_out
                0x00004114       0x10 zephyr/libzephyr.a(printk.c.obj)
 .text._printk_dec_ulong
                0x00004124       0x98 zephyr/libzephyr.a(printk.c.obj)
 .text.__printk_hook_install
                0x000041bc        0xc zephyr/libzephyr.a(printk.c.obj)
                0x000041bc                __printk_hook_install
 .text.vprintk  0x000041c8       0x20 zephyr/libzephyr.a(printk.c.obj)
                0x000041c8                vprintk
 .text.vsnprintk
                0x000041e8       0x28 zephyr/libzephyr.a(printk.c.obj)
                0x000041e8                vsnprintk
 .text.uECC_get_rng
                0x00004210        0xc zephyr/libzephyr.a(ecc.c.obj)
                0x00004210                uECC_get_rng
 .text.vli_mmod_fast_secp256r1
                0x0000421c      0x1a0 zephyr/libzephyr.a(ecc.c.obj)
                0x0000421c                vli_mmod_fast_secp256r1
 .text.tc_aes128_set_encrypt_key
                0x000043bc       0xac zephyr/libzephyr.a(aes_encrypt.c.obj)
                0x000043bc                tc_aes128_set_encrypt_key
 .text.tc_aes_encrypt
                0x00004468       0xd4 zephyr/libzephyr.a(aes_encrypt.c.obj)
                0x00004468                tc_aes_encrypt
 .text.errata_16
                0x0000453c       0x34 zephyr/libzephyr.a(system_nrf52810.c.obj)
 .text.errata_31
                0x00004570       0x54 zephyr/libzephyr.a(system_nrf52810.c.obj)
 .text.errata_108
                0x000045c4       0x40 zephyr/libzephyr.a(system_nrf52810.c.obj)
 .text.SystemInit
                0x00004604      0x270 zephyr/libzephyr.a(system_nrf52810.c.obj)
                0x00004604                SystemInit
 .text.nrfx_pwm_init
                0x00004874       0xfc zephyr/libzephyr.a(nrfx_pwm.c.obj)
                0x00004874                nrfx_pwm_init
 .text.nrfx_pwm_simple_playback
                0x00004970       0x74 zephyr/libzephyr.a(nrfx_pwm.c.obj)
                0x00004970                nrfx_pwm_simple_playback
 .text.nrfx_pwm_is_stopped
                0x000049e4       0x28 zephyr/libzephyr.a(nrfx_pwm.c.obj)
                0x000049e4                nrfx_pwm_is_stopped
 .text.sys_rand32_get
                0x00004a0c       0x34 zephyr/libzephyr.a(rand32_entropy_device.c.obj)
                0x00004a0c                sys_rand32_get
 .text.console_out
                0x00004a40       0x28 zephyr/libzephyr.a(uart_console.c.obj)
 .text.uart_console_hook_install
                0x00004a68       0x18 zephyr/libzephyr.a(uart_console.c.obj)
                0x00004a68                uart_console_hook_install
 .text.uart_console_init
                0x00004a80       0x1c zephyr/libzephyr.a(uart_console.c.obj)
 .text.m16src_stop
                0x00004a9c       0x74 zephyr/libzephyr.a(nrf_power_clock.c.obj)
 .text.m16src_start
                0x00004b10       0xc4 zephyr/libzephyr.a(nrf_power_clock.c.obj)
 .text.k32src_start
                0x00004bd4       0xb0 zephyr/libzephyr.a(nrf_power_clock.c.obj)
 .text.nrf_power_clock_isr
                0x00004c84       0xe4 zephyr/libzephyr.a(nrf_power_clock.c.obj)
                0x00004c84                nrf_power_clock_isr
 .text.rtc1_nrf_isr
                0x00004d68       0x40 zephyr/libzephyr.a(nrf_rtc_timer.c.obj)
                0x00004d68                rtc1_nrf_isr
 .text.z_clock_driver_init
                0x00004da8       0x84 zephyr/libzephyr.a(nrf_rtc_timer.c.obj)
                0x00004da8                z_clock_driver_init
 .text.z_clock_set_timeout
                0x00004e2c       0x9c zephyr/libzephyr.a(nrf_rtc_timer.c.obj)
                0x00004e2c                z_clock_set_timeout
 .text.z_clock_elapsed
                0x00004ec8       0x34 zephyr/libzephyr.a(nrf_rtc_timer.c.obj)
                0x00004ec8                z_clock_elapsed
 .text.z_timer_cycle_get_32
                0x00004efc       0x34 zephyr/libzephyr.a(nrf_rtc_timer.c.obj)
                0x00004efc                z_timer_cycle_get_32
 .text.on_receive
                0x00004f30       0x18 zephyr/libzephyr.a(nus.c.obj)
 .text.on_sent  0x00004f48       0x10 zephyr/libzephyr.a(nus.c.obj)
 .text.nuslc_ccc_cfg_changed
                0x00004f58       0x80 zephyr/libzephyr.a(nus.c.obj)
 .text.bt_gatt_nus_init
                0x00004fd8       0x14 zephyr/libzephyr.a(nus.c.obj)
                0x00004fd8                bt_gatt_nus_init
 .text.bt_gatt_nus_send
                0x00004fec       0x74 zephyr/libzephyr.a(nus.c.obj)
                0x00004fec                bt_gatt_nus_send
 .text._HandlerModeExit
                0x00005060       0x1c zephyr/arch/arm/core/libarch__arm__core.a(exc_exit.S.obj)
                0x00005060                _IntExit
                0x00005060                z_ExcExit
 .text.__pendsv
                0x0000507c       0x58 zephyr/arch/arm/core/libarch__arm__core.a(swap_helper.S.obj)
                0x0000507c                __pendsv
 .text.__svc    0x000050d4       0x24 zephyr/arch/arm/core/libarch__arm__core.a(swap_helper.S.obj)
                0x000050d4                __svc
 .text.z_CpuIdleInit
                0x000050f8        0xc zephyr/arch/arm/core/libarch__arm__core.a(cpu_idle.S.obj)
                0x000050f8                z_CpuIdleInit
 .text.k_cpu_idle
                0x00005104        0xc zephyr/arch/arm/core/libarch__arm__core.a(cpu_idle.S.obj)
                0x00005104                k_cpu_idle
 .text.__fault  0x00005110       0x28 zephyr/arch/arm/core/libarch__arm__core.a(fault_s.S.obj)
                0x00005110                __reserved
                0x00005110                __bus_fault
                0x00005110                __debug_monitor
                0x00005110                __mpu_fault
                0x00005110                __hard_fault
                0x00005110                __usage_fault
 .text.z_SysNmiOnReset
                0x00005138        0x8 zephyr/arch/arm/core/libarch__arm__core.a(nmi_on_reset.S.obj)
                0x00005138                z_SysNmiOnReset
 .text._isr_wrapper
                0x00005140       0x40 zephyr/arch/arm/core/libarch__arm__core.a(isr_wrapper.S.obj)
                0x00005140                _isr_wrapper
 .text.__swap   0x00005180       0x34 zephyr/arch/arm/core/libarch__arm__core.a(swap.c.obj)
                0x00005180                __swap
 .text.z_arch_irq_enable
                0x000051b4       0x20 zephyr/arch/arm/core/libarch__arm__core.a(irq_manage.c.obj)
                0x000051b4                z_arch_irq_enable
 .text.z_arch_irq_disable
                0x000051d4       0x28 zephyr/arch/arm/core/libarch__arm__core.a(irq_manage.c.obj)
                0x000051d4                z_arch_irq_disable
 .text.z_arch_irq_is_enabled
                0x000051fc       0x1c zephyr/arch/arm/core/libarch__arm__core.a(irq_manage.c.obj)
                0x000051fc                z_arch_irq_is_enabled
 .text.z_irq_priority_set
                0x00005218       0x30 zephyr/arch/arm/core/libarch__arm__core.a(irq_manage.c.obj)
                0x00005218                z_irq_priority_set
 .text._arch_isr_direct_pm
                0x00005248       0x1c zephyr/arch/arm/core/libarch__arm__core.a(irq_manage.c.obj)
                0x00005248                _arch_isr_direct_pm
 .text.z_new_thread
                0x00005264       0x54 zephyr/arch/arm/core/libarch__arm__core.a(thread.c.obj)
                0x00005264                z_new_thread
 .text.z_arm_fatal_error
                0x000052b8       0x4c zephyr/arch/arm/core/libarch__arm__core.a(fatal.c.obj)
                0x000052b8                z_arm_fatal_error
 .text._PrepC   0x00005304       0x2c zephyr/arch/arm/core/libarch__arm__core.a(prep_c.c.obj)
                0x00005304                _PrepC
 .text._reset_section
                0x00005330       0x30 zephyr/arch/arm/core/cortex_m/libarch__arm__core__cortex_m.a(reset.S.obj)
                0x00005330                __start
                0x00005330                __reset
 .text.MpuFault.isra.2
                0x00005360       0x84 zephyr/arch/arm/core/cortex_m/libarch__arm__core__cortex_m.a(fault.c.obj)
 .text.BusFault.isra.3
                0x000053e4       0x94 zephyr/arch/arm/core/cortex_m/libarch__arm__core__cortex_m.a(fault.c.obj)
 .text.UsageFault.isra.4
                0x00005478       0x88 zephyr/arch/arm/core/cortex_m/libarch__arm__core__cortex_m.a(fault.c.obj)
 .text._Fault   0x00005500       0xe8 zephyr/arch/arm/core/cortex_m/libarch__arm__core__cortex_m.a(fault.c.obj)
                0x00005500                _Fault
 .text.z_FaultInit
                0x000055e8       0x10 zephyr/arch/arm/core/cortex_m/libarch__arm__core__cortex_m.a(fault.c.obj)
                0x000055e8                z_FaultInit
 .text.z_IntLibInit
                0x000055f8       0x18 zephyr/arch/arm/core/cortex_m/libarch__arm__core__cortex_m.a(irq_init.c.obj)
                0x000055f8                z_IntLibInit
 .text.z_impl_k_thread_abort
                0x00005610       0x4c zephyr/arch/arm/core/cortex_m/libarch__arm__core__cortex_m.a(thread_abort.c.obj)
                0x00005610                z_impl_k_thread_abort
 .text.z_arch_configure_static_mpu_regions
                0x0000565c       0x3c zephyr/arch/arm/core/cortex_m/mpu/libarch__arm__core__cortex_m__mpu.a(arm_core_mpu.c.obj)
                0x0000565c                z_arch_configure_static_mpu_regions
 .text.mpu_configure_region
                0x00005698       0x50 zephyr/arch/arm/core/cortex_m/mpu/libarch__arm__core__cortex_m__mpu.a(arm_mpu.c.obj)
 .text.arm_core_mpu_enable
                0x000056e8       0x14 zephyr/arch/arm/core/cortex_m/mpu/libarch__arm__core__cortex_m__mpu.a(arm_mpu.c.obj)
                0x000056e8                arm_core_mpu_enable
 .text.arm_core_mpu_disable
                0x000056fc       0x10 zephyr/arch/arm/core/cortex_m/mpu/libarch__arm__core__cortex_m__mpu.a(arm_mpu.c.obj)
                0x000056fc                arm_core_mpu_disable
 .text.arm_mpu_init
                0x0000570c       0x5c zephyr/arch/arm/core/cortex_m/mpu/libarch__arm__core__cortex_m__mpu.a(arm_mpu.c.obj)
 .text.arm_core_mpu_configure_static_mpu_regions
                0x00005768       0x48 zephyr/arch/arm/core/cortex_m/mpu/libarch__arm__core__cortex_m__mpu.a(arm_mpu.c.obj)
                0x00005768                arm_core_mpu_configure_static_mpu_regions
 .text.arm_core_mpu_configure_dynamic_mpu_regions
                0x000057b0       0x4c zephyr/arch/arm/core/cortex_m/mpu/libarch__arm__core__cortex_m__mpu.a(arm_mpu.c.obj)
                0x000057b0                arm_core_mpu_configure_dynamic_mpu_regions
 .text.__stdout_hook_install
                0x000057fc        0xc zephyr/lib/libc/minimal/liblib__libc__minimal.a(stdout_console.c.obj)
                0x000057fc                __stdout_hook_install
 .text.ecc_thread
                0x00005808      0x170 zephyr/subsys/bluetooth/host/libsubsys__bluetooth__host.a(hci_ecc.c.obj)
 .text.bt_hci_ecc_send
                0x00005978      0x118 zephyr/subsys/bluetooth/host/libsubsys__bluetooth__host.a(hci_ecc.c.obj)
                0x00005978                bt_hci_ecc_send
 .text.bt_hci_ecc_init
                0x00005a90       0x44 zephyr/subsys/bluetooth/host/libsubsys__bluetooth__host.a(hci_ecc.c.obj)
                0x00005a90                bt_hci_ecc_init
 .text.uuid_to_uuid128
                0x00005ad4       0x7c zephyr/subsys/bluetooth/host/libsubsys__bluetooth__host.a(uuid.c.obj)
 .text.le_dhkey_complete
                0x00005b50       0x20 zephyr/subsys/bluetooth/host/libsubsys__bluetooth__host.a(hci_core.c.obj)
 .text.le_pkey_complete
                0x00005b70       0x50 zephyr/subsys/bluetooth/host/libsubsys__bluetooth__host.a(hci_core.c.obj)
 .text.hci_le_meta_event
                0x00005bc0       0x20 zephyr/subsys/bluetooth/host/libsubsys__bluetooth__host.a(hci_core.c.obj)
 .text.hci_cmd_done.isra.16
                0x00005be0       0x28 zephyr/subsys/bluetooth/host/libsubsys__bluetooth__host.a(hci_core.c.obj)
 .text.hci_cmd_status
                0x00005c08       0x28 zephyr/subsys/bluetooth/host/libsubsys__bluetooth__host.a(hci_core.c.obj)
 .text.hci_cmd_complete
                0x00005c30       0x2c zephyr/subsys/bluetooth/host/libsubsys__bluetooth__host.a(hci_core.c.obj)
 .text.hci_tx_thread
                0x00005c5c       0xf4 zephyr/subsys/bluetooth/host/libsubsys__bluetooth__host.a(hci_core.c.obj)
 .text.id_find  0x00005d50       0x34 zephyr/subsys/bluetooth/host/libsubsys__bluetooth__host.a(hci_core.c.obj)
 .text.slave_update_conn_param
                0x00005d84       0x28 zephyr/subsys/bluetooth/host/libsubsys__bluetooth__host.a(hci_core.c.obj)
 .text.bt_hci_cmd_create
                0x00005dac       0x40 zephyr/subsys/bluetooth/host/libsubsys__bluetooth__host.a(hci_core.c.obj)
                0x00005dac                bt_hci_cmd_create
 .text.bt_hci_cmd_send
                0x00005dec       0x44 zephyr/subsys/bluetooth/host/libsubsys__bluetooth__host.a(hci_core.c.obj)
                0x00005dec                bt_hci_cmd_send
 .text.bt_hci_cmd_send_sync
                0x00005e30       0x68 zephyr/subsys/bluetooth/host/libsubsys__bluetooth__host.a(hci_core.c.obj)
                0x00005e30                bt_hci_cmd_send_sync
 .text.set_advertise_enable
                0x00005e98       0x54 zephyr/subsys/bluetooth/host/libsubsys__bluetooth__host.a(hci_core.c.obj)
 .text.hci_disconn_complete
                0x00005eec       0x58 zephyr/subsys/bluetooth/host/libsubsys__bluetooth__host.a(hci_core.c.obj)
 .text.set_random_address
                0x00005f44       0x5c zephyr/subsys/bluetooth/host/libsubsys__bluetooth__host.a(hci_core.c.obj)
 .text.le_adv_update
                0x00005fa0       0x94 zephyr/subsys/bluetooth/host/libsubsys__bluetooth__host.a(hci_core.c.obj)
 .text.le_phy_update_complete
                0x00006034       0x54 zephyr/subsys/bluetooth/host/libsubsys__bluetooth__host.a(hci_core.c.obj)
 .text.le_remote_feat_complete
                0x00006088       0x74 zephyr/subsys/bluetooth/host/libsubsys__bluetooth__host.a(hci_core.c.obj)
 .text.enh_conn_complete
                0x000060fc      0x1dc zephyr/subsys/bluetooth/host/libsubsys__bluetooth__host.a(hci_core.c.obj)
 .text.le_legacy_conn_complete
                0x000062d8       0xb4 zephyr/subsys/bluetooth/host/libsubsys__bluetooth__host.a(hci_core.c.obj)
 .text.bt_id_add
                0x0000638c      0x104 zephyr/subsys/bluetooth/host/libsubsys__bluetooth__host.a(hci_core.c.obj)
                0x0000638c                bt_id_add
 .text.bt_id_del
                0x00006490       0xec zephyr/subsys/bluetooth/host/libsubsys__bluetooth__host.a(hci_core.c.obj)
                0x00006490                bt_id_del
 .text.id_create.isra.26
                0x0000657c       0x58 zephyr/subsys/bluetooth/host/libsubsys__bluetooth__host.a(hci_core.c.obj)
 .text.bt_recv  0x000065d4       0xa0 zephyr/subsys/bluetooth/host/libsubsys__bluetooth__host.a(hci_core.c.obj)
                0x000065d4                bt_recv
 .text.bt_recv_prio
                0x00006674       0x4c zephyr/subsys/bluetooth/host/libsubsys__bluetooth__host.a(hci_core.c.obj)
                0x00006674                bt_recv_prio
 .text.bt_hci_driver_register
                0x000066c0       0x28 zephyr/subsys/bluetooth/host/libsubsys__bluetooth__host.a(hci_core.c.obj)
                0x000066c0                bt_hci_driver_register
 .text.bt_finalize_init
                0x000066e8        0xc zephyr/subsys/bluetooth/host/libsubsys__bluetooth__host.a(hci_core.c.obj)
                0x000066e8                bt_finalize_init
 .text.bt_get_name
                0x000066f4        0x8 zephyr/subsys/bluetooth/host/libsubsys__bluetooth__host.a(hci_core.c.obj)
                0x000066f4                bt_get_name
 .text.bt_id_create
                0x000066fc       0x84 zephyr/subsys/bluetooth/host/libsubsys__bluetooth__host.a(hci_core.c.obj)
                0x000066fc                bt_id_create
 .text.bt_setup_id_addr
                0x00006780       0x9c zephyr/subsys/bluetooth/host/libsubsys__bluetooth__host.a(hci_core.c.obj)
                0x00006780                bt_setup_id_addr
 .text.bt_enable
                0x0000681c       0xb8 zephyr/subsys/bluetooth/host/libsubsys__bluetooth__host.a(hci_core.c.obj)
                0x0000681c                bt_enable
 .text.init_work
                0x000068d4       0x2c zephyr/subsys/bluetooth/host/libsubsys__bluetooth__host.a(hci_core.c.obj)
 .text.bt_le_adv_start_internal
                0x00006900      0x248 zephyr/subsys/bluetooth/host/libsubsys__bluetooth__host.a(hci_core.c.obj)
                0x00006900                bt_le_adv_start_internal
 .text.bt_le_adv_stop
                0x00006b48       0x4c zephyr/subsys/bluetooth/host/libsubsys__bluetooth__host.a(hci_core.c.obj)
                0x00006b48                bt_le_adv_stop
 .text.bt_buf_get_rx
                0x00006b94       0x20 zephyr/subsys/bluetooth/host/libsubsys__bluetooth__host.a(hci_core.c.obj)
                0x00006b94                bt_buf_get_rx
 .text.bt_buf_get_cmd_complete
                0x00006bb4       0x4c zephyr/subsys/bluetooth/host/libsubsys__bluetooth__host.a(hci_core.c.obj)
                0x00006bb4                bt_buf_get_cmd_complete
 .text.bt_buf_get_evt
                0x00006c00       0x50 zephyr/subsys/bluetooth/host/libsubsys__bluetooth__host.a(hci_core.c.obj)
                0x00006c00                bt_buf_get_evt
 .text.bt_pub_key_gen
                0x00006c50       0x68 zephyr/subsys/bluetooth/host/libsubsys__bluetooth__host.a(hci_core.c.obj)
                0x00006c50                bt_pub_key_gen
 .text.bt_pub_key_get
                0x00006cb8       0x1c zephyr/subsys/bluetooth/host/libsubsys__bluetooth__host.a(hci_core.c.obj)
                0x00006cb8                bt_pub_key_get
 .text.bt_dh_key_gen
                0x00006cd4       0x74 zephyr/subsys/bluetooth/host/libsubsys__bluetooth__host.a(hci_core.c.obj)
                0x00006cd4                bt_dh_key_gen
 .text.notify_connected
                0x00006d48       0x2c zephyr/subsys/bluetooth/host/libsubsys__bluetooth__host.a(conn.c.obj)
 .text.tx_free  0x00006d74       0x28 zephyr/subsys/bluetooth/host/libsubsys__bluetooth__host.a(conn.c.obj)
 .text.bt_conn_get_pkts
                0x00006d9c        0x8 zephyr/subsys/bluetooth/host/libsubsys__bluetooth__host.a(conn.c.obj)
                0x00006d9c                bt_conn_get_pkts
 .text.notify_le_param_updated
                0x00006da4       0x68 zephyr/subsys/bluetooth/host/libsubsys__bluetooth__host.a(conn.c.obj)
                0x00006da4                notify_le_param_updated
 .text.le_param_req
                0x00006e0c       0x40 zephyr/subsys/bluetooth/host/libsubsys__bluetooth__host.a(conn.c.obj)
                0x00006e0c                le_param_req
 .text.bt_conn_identity_resolved
                0x00006e4c       0x34 zephyr/subsys/bluetooth/host/libsubsys__bluetooth__host.a(conn.c.obj)
                0x00006e4c                bt_conn_identity_resolved
 .text.bt_conn_security_changed
                0x00006e80       0x20 zephyr/subsys/bluetooth/host/libsubsys__bluetooth__host.a(conn.c.obj)
                0x00006e80                bt_conn_security_changed
 .text.bt_conn_cb_register
                0x00006ea0       0x10 zephyr/subsys/bluetooth/host/libsubsys__bluetooth__host.a(conn.c.obj)
                0x00006ea0                bt_conn_cb_register
 .text.bt_conn_notify_tx
                0x00006eb0       0x50 zephyr/subsys/bluetooth/host/libsubsys__bluetooth__host.a(conn.c.obj)
                0x00006eb0                bt_conn_notify_tx
 .text.send_frag
                0x00006f00      0x144 zephyr/subsys/bluetooth/host/libsubsys__bluetooth__host.a(conn.c.obj)
 .text.bt_conn_prepare_events
                0x00007044      0x10c zephyr/subsys/bluetooth/host/libsubsys__bluetooth__host.a(conn.c.obj)
                0x00007044                bt_conn_prepare_events
 .text.bt_conn_add_le
                0x00007150       0x88 zephyr/subsys/bluetooth/host/libsubsys__bluetooth__host.a(conn.c.obj)
                0x00007150                bt_conn_add_le
 .text.bt_conn_set_state
                0x000071d8      0x118 zephyr/subsys/bluetooth/host/libsubsys__bluetooth__host.a(conn.c.obj)
                0x000071d8                bt_conn_set_state
 .text.bt_conn_lookup_handle
                0x000072f0       0x5c zephyr/subsys/bluetooth/host/libsubsys__bluetooth__host.a(conn.c.obj)
                0x000072f0                bt_conn_lookup_handle
 .text.bt_conn_lookup_addr_le
                0x0000734c       0x64 zephyr/subsys/bluetooth/host/libsubsys__bluetooth__host.a(conn.c.obj)
                0x0000734c                bt_conn_lookup_addr_le
 .text.bt_conn_lookup_state_le
                0x000073b0       0x74 zephyr/subsys/bluetooth/host/libsubsys__bluetooth__host.a(conn.c.obj)
                0x000073b0                bt_conn_lookup_state_le
 .text.send_conn_le_param_update
                0x00007424       0x50 zephyr/subsys/bluetooth/host/libsubsys__bluetooth__host.a(conn.c.obj)
 .text.conn_le_update_timeout
                0x00007474       0x80 zephyr/subsys/bluetooth/host/libsubsys__bluetooth__host.a(conn.c.obj)
 .text.bt_conn_create_pdu
                0x000074f4       0x28 zephyr/subsys/bluetooth/host/libsubsys__bluetooth__host.a(conn.c.obj)
                0x000074f4                bt_conn_create_pdu
 .text.create_frag.isra.9
                0x0000751c       0x6c zephyr/subsys/bluetooth/host/libsubsys__bluetooth__host.a(conn.c.obj)
 .text.bt_conn_process_tx
                0x00007588       0xb4 zephyr/subsys/bluetooth/host/libsubsys__bluetooth__host.a(conn.c.obj)
                0x00007588                bt_conn_process_tx
 .text.bt_conn_auth_cb_register
                0x0000763c       0x38 zephyr/subsys/bluetooth/host/libsubsys__bluetooth__host.a(conn.c.obj)
                0x0000763c                bt_conn_auth_cb_register
 .text.bt_conn_auth_pairing_confirm
                0x00007674       0x18 zephyr/subsys/bluetooth/host/libsubsys__bluetooth__host.a(conn.c.obj)
                0x00007674                bt_conn_auth_pairing_confirm
 .text.bt_conn_index
                0x0000768c       0x18 zephyr/subsys/bluetooth/host/libsubsys__bluetooth__host.a(conn.c.obj)
                0x0000768c                bt_conn_index
 .text.bt_conn_init
                0x000076a4       0x40 zephyr/subsys/bluetooth/host/libsubsys__bluetooth__host.a(conn.c.obj)
                0x000076a4                bt_conn_init
 .text.l2cap_accept
                0x000076e4       0x2c zephyr/subsys/bluetooth/host/libsubsys__bluetooth__host.a(l2cap.c.obj)
 .text.bt_l2cap_connected
                0x00007710       0xb0 zephyr/subsys/bluetooth/host/libsubsys__bluetooth__host.a(l2cap.c.obj)
                0x00007710                bt_l2cap_connected
 .text.bt_l2cap_recv
                0x000077c0       0x6c zephyr/subsys/bluetooth/host/libsubsys__bluetooth__host.a(l2cap.c.obj)
                0x000077c0                bt_l2cap_recv
 .text.bt_l2cap_update_conn_param
                0x0000782c       0x70 zephyr/subsys/bluetooth/host/libsubsys__bluetooth__host.a(l2cap.c.obj)
                0x0000782c                bt_l2cap_update_conn_param
 .text.att_op_get_type
                0x0000789c       0x30 zephyr/subsys/bluetooth/host/libsubsys__bluetooth__host.a(att.c.obj)
 .text.bt_att_accept
                0x000078cc       0x50 zephyr/subsys/bluetooth/host/libsubsys__bluetooth__host.a(att.c.obj)
 .text.bt_att_connected
                0x0000791c       0x2c zephyr/subsys/bluetooth/host/libsubsys__bluetooth__host.a(att.c.obj)
 .text.att_cb.isra.5
                0x00007948       0x24 zephyr/subsys/bluetooth/host/libsubsys__bluetooth__host.a(att.c.obj)
 .text.att_handle_rsp
                0x0000796c       0x84 zephyr/subsys/bluetooth/host/libsubsys__bluetooth__host.a(att.c.obj)
 .text.att_req_sent
                0x000079f0       0x30 zephyr/subsys/bluetooth/host/libsubsys__bluetooth__host.a(att.c.obj)
 .text.att_write_cmd
                0x00007a20       0x7c zephyr/subsys/bluetooth/host/libsubsys__bluetooth__host.a(att.c.obj)
 .text.att_mtu_req
                0x00007a9c       0x60 zephyr/subsys/bluetooth/host/libsubsys__bluetooth__host.a(att.c.obj)
 .text.send_err_rsp.part.8
                0x00007afc       0x44 zephyr/subsys/bluetooth/host/libsubsys__bluetooth__host.a(att.c.obj)
 .text.bt_att_recv
                0x00007b40       0xd0 zephyr/subsys/bluetooth/host/libsubsys__bluetooth__host.a(att.c.obj)
 .text.att_read_group_req
                0x00007c10      0x104 zephyr/subsys/bluetooth/host/libsubsys__bluetooth__host.a(att.c.obj)
 .text.att_read_mult_req
                0x00007d14       0x90 zephyr/subsys/bluetooth/host/libsubsys__bluetooth__host.a(att.c.obj)
 .text.att_read_rsp
                0x00007da4       0x98 zephyr/subsys/bluetooth/host/libsubsys__bluetooth__host.a(att.c.obj)
 .text.att_read_type_req
                0x00007e3c       0xcc zephyr/subsys/bluetooth/host/libsubsys__bluetooth__host.a(att.c.obj)
 .text.att_find_type_req
                0x00007f08       0xe8 zephyr/subsys/bluetooth/host/libsubsys__bluetooth__host.a(att.c.obj)
 .text.att_find_info_req
                0x00007ff0       0x7c zephyr/subsys/bluetooth/host/libsubsys__bluetooth__host.a(att.c.obj)
 .text.att_write_req
                0x0000806c       0xb8 zephyr/subsys/bluetooth/host/libsubsys__bluetooth__host.a(att.c.obj)
 .text.find_static_attr
                0x00008124       0x48 zephyr/subsys/bluetooth/host/libsubsys__bluetooth__host.a(gatt.c.obj)
 .text.connected_cb
                0x0000816c       0x48 zephyr/subsys/bluetooth/host/libsubsys__bluetooth__host.a(gatt.c.obj)
 .text.gatt_indicate
                0x000081b4       0x68 zephyr/subsys/bluetooth/host/libsubsys__bluetooth__host.a(gatt.c.obj)
 .text.notify_cb
                0x0000821c       0x98 zephyr/subsys/bluetooth/host/libsubsys__bluetooth__host.a(gatt.c.obj)
 .text.read_ppcp
                0x000082b4       0x38 zephyr/subsys/bluetooth/host/libsubsys__bluetooth__host.a(gatt.c.obj)
 .text.disconnected_cb
                0x000082ec       0xa8 zephyr/subsys/bluetooth/host/libsubsys__bluetooth__host.a(gatt.c.obj)
 .text.bt_gatt_init
                0x00008394       0x50 zephyr/subsys/bluetooth/host/libsubsys__bluetooth__host.a(gatt.c.obj)
                0x00008394                bt_gatt_init
 .text.bt_gatt_attr_value_handle
                0x000083e4       0x30 zephyr/subsys/bluetooth/host/libsubsys__bluetooth__host.a(gatt.c.obj)
                0x000083e4                bt_gatt_attr_value_handle
 .text.bt_gatt_foreach_attr_type
                0x00008414       0xbc zephyr/subsys/bluetooth/host/libsubsys__bluetooth__host.a(gatt.c.obj)
                0x00008414                bt_gatt_foreach_attr_type
 .text.bt_gatt_notify_cb
                0x000084d0       0xd0 zephyr/subsys/bluetooth/host/libsubsys__bluetooth__host.a(gatt.c.obj)
                0x000084d0                bt_gatt_notify_cb
 .text.bt_gatt_connected
                0x000085a0       0x14 zephyr/subsys/bluetooth/host/libsubsys__bluetooth__host.a(gatt.c.obj)
                0x000085a0                bt_gatt_connected
 .text.bt_gatt_disconnected
                0x000085b4       0x14 zephyr/subsys/bluetooth/host/libsubsys__bluetooth__host.a(gatt.c.obj)
                0x000085b4                bt_gatt_disconnected
 .text.get_io_capa
                0x000085c8       0x4c zephyr/subsys/bluetooth/host/libsubsys__bluetooth__host.a(smp.c.obj)
 .text.bt_smp_accept
                0x00008614       0x30 zephyr/subsys/bluetooth/host/libsubsys__bluetooth__host.a(smp.c.obj)
 .text.get_auth.isra.1
                0x00008644       0x3c zephyr/subsys/bluetooth/host/libsubsys__bluetooth__host.a(smp.c.obj)
 .text.smp_init
                0x00008680       0x3c zephyr/subsys/bluetooth/host/libsubsys__bluetooth__host.a(smp.c.obj)
 .text.smp_send.isra.6
                0x000086bc       0x2c zephyr/subsys/bluetooth/host/libsubsys__bluetooth__host.a(smp.c.obj)
 .text.compute_and_check_and_send_slave_dhcheck
                0x000086e8      0x1c8 zephyr/subsys/bluetooth/host/libsubsys__bluetooth__host.a(smp.c.obj)
 .text.smp_pairing_req
                0x000088b0      0x2c4 zephyr/subsys/bluetooth/host/libsubsys__bluetooth__host.a(smp.c.obj)
 .text.sc_send_public_key
                0x00008b74       0x44 zephyr/subsys/bluetooth/host/libsubsys__bluetooth__host.a(smp.c.obj)
 .text.smp_send_pairing_confirm
                0x00008bb8       0x80 zephyr/subsys/bluetooth/host/libsubsys__bluetooth__host.a(smp.c.obj)
 .text.smp_public_key_slave.part.10
                0x00008c38       0xc8 zephyr/subsys/bluetooth/host/libsubsys__bluetooth__host.a(smp.c.obj)
 .text.smp_public_key
                0x00008d00       0x68 zephyr/subsys/bluetooth/host/libsubsys__bluetooth__host.a(smp.c.obj)
 .text.smp_pairing_complete
                0x00008d68       0x40 zephyr/subsys/bluetooth/host/libsubsys__bluetooth__host.a(smp.c.obj)
 .text.bt_smp_dhkey_ready
                0x00008da8       0x90 zephyr/subsys/bluetooth/host/libsubsys__bluetooth__host.a(smp.c.obj)
 .text.bt_smp_recv
                0x00008e38       0x78 zephyr/subsys/bluetooth/host/libsubsys__bluetooth__host.a(smp.c.obj)
 .text.smp_pairing_failed
                0x00008eb0       0x5c zephyr/subsys/bluetooth/host/libsubsys__bluetooth__host.a(smp.c.obj)
 .text.bt_smp_encrypt_change
                0x00008f0c      0x194 zephyr/subsys/bluetooth/host/libsubsys__bluetooth__host.a(smp.c.obj)
 .text.bt_smp_connected
                0x000090a0       0x1c zephyr/subsys/bluetooth/host/libsubsys__bluetooth__host.a(smp.c.obj)
 .text.bt_smp_pkey_ready
                0x000090bc       0x74 zephyr/subsys/bluetooth/host/libsubsys__bluetooth__host.a(smp.c.obj)
 .text.smp_pairing_random
                0x00009130      0x240 zephyr/subsys/bluetooth/host/libsubsys__bluetooth__host.a(smp.c.obj)
 .text.bt_smp_init
                0x00009370       0x2c zephyr/subsys/bluetooth/host/libsubsys__bluetooth__host.a(smp.c.obj)
                0x00009370                bt_smp_init
 .text.bt_keys_get_addr
                0x0000939c       0x90 zephyr/subsys/bluetooth/host/libsubsys__bluetooth__host.a(keys.c.obj)
                0x0000939c                bt_keys_get_addr
 .text.bt_keys_foreach
                0x0000942c       0x38 zephyr/subsys/bluetooth/host/libsubsys__bluetooth__host.a(keys.c.obj)
                0x0000942c                bt_keys_foreach
 .text.bt_keys_find
                0x00009464       0x50 zephyr/subsys/bluetooth/host/libsubsys__bluetooth__host.a(keys.c.obj)
                0x00009464                bt_keys_find
 .text.bt_keys_find_irk
                0x000094b4       0xb4 zephyr/subsys/bluetooth/host/libsubsys__bluetooth__host.a(keys.c.obj)
                0x000094b4                bt_keys_find_irk
 .text.bt_keys_find_addr
                0x00009568       0x48 zephyr/subsys/bluetooth/host/libsubsys__bluetooth__host.a(keys.c.obj)
                0x00009568                bt_keys_find_addr
 .text.mayfly_init
                0x000095b0       0x54 zephyr/subsys/bluetooth/controller/libsubsys__bluetooth__controller.a(mayfly.c.obj)
                0x000095b0                mayfly_init
 .text.mayfly_enable
                0x00009604       0x50 zephyr/subsys/bluetooth/controller/libsubsys__bluetooth__controller.a(mayfly.c.obj)
                0x00009604                mayfly_enable
 .text.mayfly_enqueue
                0x00009654       0xa0 zephyr/subsys/bluetooth/controller/libsubsys__bluetooth__controller.a(mayfly.c.obj)
                0x00009654                mayfly_enqueue
 .text.mayfly_run
                0x000096f4      0x164 zephyr/subsys/bluetooth/controller/libsubsys__bluetooth__controller.a(mayfly.c.obj)
                0x000096f4                mayfly_run
 .text.ticker_job
                0x00009858      0x77c zephyr/subsys/bluetooth/controller/libsubsys__bluetooth__controller.a(ticker.c.obj)
                0x00009858                ticker_job
 .text.ticker_init
                0x00009fd4       0x64 zephyr/subsys/bluetooth/controller/libsubsys__bluetooth__controller.a(ticker.c.obj)
                0x00009fd4                ticker_init
 .text.ticker_trigger
                0x0000a038       0x24 zephyr/subsys/bluetooth/controller/libsubsys__bluetooth__controller.a(ticker.c.obj)
                0x0000a038                ticker_trigger
 .text.ticker_start
                0x0000a05c       0x94 zephyr/subsys/bluetooth/controller/libsubsys__bluetooth__controller.a(ticker.c.obj)
                0x0000a05c                ticker_start
 .text.ticker_update
                0x0000a0f0       0x90 zephyr/subsys/bluetooth/controller/libsubsys__bluetooth__controller.a(ticker.c.obj)
                0x0000a0f0                ticker_update
 .text.ticker_stop
                0x0000a180       0x74 zephyr/subsys/bluetooth/controller/libsubsys__bluetooth__controller.a(ticker.c.obj)
                0x0000a180                ticker_stop
 .text.ticker_next_slot_get
                0x0000a1f4       0x7c zephyr/subsys/bluetooth/controller/libsubsys__bluetooth__controller.a(ticker.c.obj)
                0x0000a1f4                ticker_next_slot_get
 .text.ticker_job_idle_get
                0x0000a270       0x70 zephyr/subsys/bluetooth/controller/libsubsys__bluetooth__controller.a(ticker.c.obj)
                0x0000a270                ticker_job_idle_get
 .text.ticker_job_sched
                0x0000a2e0       0x2c zephyr/subsys/bluetooth/controller/libsubsys__bluetooth__controller.a(ticker.c.obj)
                0x0000a2e0                ticker_job_sched
 .text.ll_addr_get
                0x0000a30c       0x34 zephyr/subsys/bluetooth/controller/libsubsys__bluetooth__controller.a(ll_addr.c.obj)
                0x0000a30c                ll_addr_get
 .text.ll_addr_set
                0x0000a340       0x30 zephyr/subsys/bluetooth/controller/libsubsys__bluetooth__controller.a(ll_addr.c.obj)
                0x0000a340                ll_addr_set
 .text.hci_driver_init
                0x0000a370       0x10 zephyr/subsys/bluetooth/controller/libsubsys__bluetooth__controller.a(hci_driver.c.obj)
 .text.hci_driver_send
                0x0000a380       0x5c zephyr/subsys/bluetooth/controller/libsubsys__bluetooth__controller.a(hci_driver.c.obj)
 .text.recv_thread
                0x0000a3dc       0x9c zephyr/subsys/bluetooth/controller/libsubsys__bluetooth__controller.a(hci_driver.c.obj)
 .text.prio_recv_thread
                0x0000a478       0x60 zephyr/subsys/bluetooth/controller/libsubsys__bluetooth__controller.a(hci_driver.c.obj)
 .text.hci_driver_open
                0x0000a4d8       0x88 zephyr/subsys/bluetooth/controller/libsubsys__bluetooth__controller.a(hci_driver.c.obj)
 .text.cmd_status
                0x0000a560       0x38 zephyr/subsys/bluetooth/controller/libsubsys__bluetooth__controller.a(hci.c.obj)
 .text.le_remote_feat_complete
                0x0000a598       0x68 zephyr/subsys/bluetooth/controller/libsubsys__bluetooth__controller.a(hci.c.obj)
 .text.encrypt_change
                0x0000a600       0x44 zephyr/subsys/bluetooth/controller/libsubsys__bluetooth__controller.a(hci.c.obj)
 .text.hci_cmd_complete
                0x0000a644       0x48 zephyr/subsys/bluetooth/controller/libsubsys__bluetooth__controller.a(hci.c.obj)
                0x0000a644                hci_cmd_complete
 .text.hci_vendor_cmd_handle_common
                0x0000a68c      0x234 zephyr/subsys/bluetooth/controller/libsubsys__bluetooth__controller.a(hci.c.obj)
                0x0000a68c                hci_vendor_cmd_handle_common
 .text.hci_cmd_handle
                0x0000a8c0      0x7c0 zephyr/subsys/bluetooth/controller/libsubsys__bluetooth__controller.a(hci.c.obj)
                0x0000a8c0                hci_cmd_handle
 .text.hci_acl_handle
                0x0000b080       0xb8 zephyr/subsys/bluetooth/controller/libsubsys__bluetooth__controller.a(hci.c.obj)
                0x0000b080                hci_acl_handle
 .text.hci_evt_encode
                0x0000b138      0x508 zephyr/subsys/bluetooth/controller/libsubsys__bluetooth__controller.a(hci.c.obj)
                0x0000b138                hci_evt_encode
 .text.hci_get_class
                0x0000b640       0x30 zephyr/subsys/bluetooth/controller/libsubsys__bluetooth__controller.a(hci.c.obj)
                0x0000b640                hci_get_class
 .text.hci_init
                0x0000b670       0x30 zephyr/subsys/bluetooth/controller/libsubsys__bluetooth__controller.a(hci.c.obj)
                0x0000b670                hci_init
 .text.pdu_len_cmp
                0x0000b6a0       0x3c zephyr/subsys/bluetooth/controller/libsubsys__bluetooth__controller.a(ctrl.c.obj)
 .text.packet_rx_acquired_count_get
                0x0000b6dc       0x2c zephyr/subsys/bluetooth/controller/libsubsys__bluetooth__controller.a(ctrl.c.obj)
 .text.packet_rx_reserve_get
                0x0000b708       0x24 zephyr/subsys/bluetooth/controller/libsubsys__bluetooth__controller.a(ctrl.c.obj)
 .text.packet_rx_allocate
                0x0000b72c       0x98 zephyr/subsys/bluetooth/controller/libsubsys__bluetooth__controller.a(ctrl.c.obj)
 .text.common_init
                0x0000b7c4       0xe4 zephyr/subsys/bluetooth/controller/libsubsys__bluetooth__controller.a(ctrl.c.obj)
 .text.tx_cmplt_get
                0x0000b8a8       0x94 zephyr/subsys/bluetooth/controller/libsubsys__bluetooth__controller.a(ctrl.c.obj)
 .text.connection_get
                0x0000b93c       0x2c zephyr/subsys/bluetooth/controller/libsubsys__bluetooth__controller.a(ctrl.c.obj)
 .text.role_disable
                0x0000b968      0x228 zephyr/subsys/bluetooth/controller/libsubsys__bluetooth__controller.a(ctrl.c.obj)
 .text.adv_scan_conn_configure
                0x0000bb90       0x1c zephyr/subsys/bluetooth/controller/libsubsys__bluetooth__controller.a(ctrl.c.obj)
 .text.rx_fc_lock
                0x0000bbac       0x34 zephyr/subsys/bluetooth/controller/libsubsys__bluetooth__controller.a(ctrl.c.obj)
 .text.mayfly_xtal_start
                0x0000bbe0       0x20 zephyr/subsys/bluetooth/controller/libsubsys__bluetooth__controller.a(ctrl.c.obj)
 .text.ticker_start_conn_assert
                0x0000bc00       0x14 zephyr/subsys/bluetooth/controller/libsubsys__bluetooth__controller.a(ctrl.c.obj)
 .text.ticker_stop_conn_assert
                0x0000bc14       0x14 zephyr/subsys/bluetooth/controller/libsubsys__bluetooth__controller.a(ctrl.c.obj)
 .text.ticker_stop_adv_assert
                0x0000bc28       0x30 zephyr/subsys/bluetooth/controller/libsubsys__bluetooth__controller.a(ctrl.c.obj)
 .text.ticker_update_adv_assert
                0x0000bc58       0x18 zephyr/subsys/bluetooth/controller/libsubsys__bluetooth__controller.a(ctrl.c.obj)
 .text.ticker_update_conn_assert
                0x0000bc70       0x20 zephyr/subsys/bluetooth/controller/libsubsys__bluetooth__controller.a(ctrl.c.obj)
 .text.ticker_job_disable
                0x0000bc90       0x18 zephyr/subsys/bluetooth/controller/libsubsys__bluetooth__controller.a(ctrl.c.obj)
 .text.hdr_conn_get
                0x0000bca8       0x3c zephyr/subsys/bluetooth/controller/libsubsys__bluetooth__controller.a(ctrl.c.obj)
 .text.mayfly_xtal_retain.part.15
                0x0000bce4       0x34 zephyr/subsys/bluetooth/controller/libsubsys__bluetooth__controller.a(ctrl.c.obj)
 .text.event_active
                0x0000bd18       0x1c zephyr/subsys/bluetooth/controller/libsubsys__bluetooth__controller.a(ctrl.c.obj)
 .text.event_xtal
                0x0000bd34       0x1c zephyr/subsys/bluetooth/controller/libsubsys__bluetooth__controller.a(ctrl.c.obj)
 .text.ticker_stop_adv_stop
                0x0000bd50      0x12c zephyr/subsys/bluetooth/controller/libsubsys__bluetooth__controller.a(ctrl.c.obj)
 .text.prepare_normal_set
                0x0000be7c       0x48 zephyr/subsys/bluetooth/controller/libsubsys__bluetooth__controller.a(ctrl.c.obj)
 .text.mayfly_radio_active
                0x0000bec4       0x30 zephyr/subsys/bluetooth/controller/libsubsys__bluetooth__controller.a(ctrl.c.obj)
 .text.mayfly_radio_stop
                0x0000bef4       0x34 zephyr/subsys/bluetooth/controller/libsubsys__bluetooth__controller.a(ctrl.c.obj)
 .text.pdu_node_tx_release
                0x0000bf28       0x48 zephyr/subsys/bluetooth/controller/libsubsys__bluetooth__controller.a(ctrl.c.obj)
 .text.packet_tx_enqueue
                0x0000bf70       0xa0 zephyr/subsys/bluetooth/controller/libsubsys__bluetooth__controller.a(ctrl.c.obj)
 .text.connection_release
                0x0000c010      0x114 zephyr/subsys/bluetooth/controller/libsubsys__bluetooth__controller.a(ctrl.c.obj)
 .text.adv_setup
                0x0000c124       0xd4 zephyr/subsys/bluetooth/controller/libsubsys__bluetooth__controller.a(ctrl.c.obj)
 .text.packet_rx_enqueue_commit
                0x0000c1f8       0x24 zephyr/subsys/bluetooth/controller/libsubsys__bluetooth__controller.a(ctrl.c.obj)
 .text.packet_rx_enqueue
                0x0000c21c       0x50 zephyr/subsys/bluetooth/controller/libsubsys__bluetooth__controller.a(ctrl.c.obj)
 .text.isr_rx_scan_report.isra.34
                0x0000c26c       0x74 zephyr/subsys/bluetooth/controller/libsubsys__bluetooth__controller.a(ctrl.c.obj)
 .text.adv_scan_configure.constprop.40
                0x0000c2e0       0x44 zephyr/subsys/bluetooth/controller/libsubsys__bluetooth__controller.a(ctrl.c.obj)
 .text.event_stop.constprop.41
                0x0000c324       0x1c zephyr/subsys/bluetooth/controller/libsubsys__bluetooth__controller.a(ctrl.c.obj)
 .text.event_common_prepare
                0x0000c340      0x174 zephyr/subsys/bluetooth/controller/libsubsys__bluetooth__controller.a(ctrl.c.obj)
 .text.radio_event_adv_prepare
                0x0000c4b4       0x38 zephyr/subsys/bluetooth/controller/libsubsys__bluetooth__controller.a(ctrl.c.obj)
                0x0000c4b4                radio_event_adv_prepare
 .text.event_adv_stop
                0x0000c4ec       0x2c zephyr/subsys/bluetooth/controller/libsubsys__bluetooth__controller.a(ctrl.c.obj)
                0x0000c4ec                event_adv_stop
 .text.k32src_wait
                0x0000c518       0x38 zephyr/subsys/bluetooth/controller/libsubsys__bluetooth__controller.a(ctrl.c.obj)
 .text.mayfly_xtal_stop
                0x0000c550       0x10 zephyr/subsys/bluetooth/controller/libsubsys__bluetooth__controller.a(ctrl.c.obj)
 .text.preempt_calc
                0x0000c560       0x44 zephyr/subsys/bluetooth/controller/libsubsys__bluetooth__controller.a(ctrl.c.obj)
 .text.event_adv
                0x0000c5a4       0xc4 zephyr/subsys/bluetooth/controller/libsubsys__bluetooth__controller.a(ctrl.c.obj)
 .text.event_slave
                0x0000c668      0x240 zephyr/subsys/bluetooth/controller/libsubsys__bluetooth__controller.a(ctrl.c.obj)
 .text.feature_rsp_send
                0x0000c8a8       0x84 zephyr/subsys/bluetooth/controller/libsubsys__bluetooth__controller.a(ctrl.c.obj)
 .text.reject_ext_ind_send
                0x0000c92c       0x38 zephyr/subsys/bluetooth/controller/libsubsys__bluetooth__controller.a(ctrl.c.obj)
 .text.mayfly_xtal_stop_calc
                0x0000c964      0x160 zephyr/subsys/bluetooth/controller/libsubsys__bluetooth__controller.a(ctrl.c.obj)
 .text.isr_rx_conn_pkt_ctrl
                0x0000cac4     0x11f4 zephyr/subsys/bluetooth/controller/libsubsys__bluetooth__controller.a(ctrl.c.obj)
 .text.radio_init
                0x0000dcb8      0x104 zephyr/subsys/bluetooth/controller/libsubsys__bluetooth__controller.a(ctrl.c.obj)
                0x0000dcb8                radio_init
 .text.ll_reset
                0x0000ddbc       0x9c zephyr/subsys/bluetooth/controller/libsubsys__bluetooth__controller.a(ctrl.c.obj)
                0x0000ddbc                ll_reset
 .text.radio_adv_data_get
                0x0000de58        0x8 zephyr/subsys/bluetooth/controller/libsubsys__bluetooth__controller.a(ctrl.c.obj)
                0x0000de58                radio_adv_data_get
 .text.radio_scan_data_get
                0x0000de60        0x8 zephyr/subsys/bluetooth/controller/libsubsys__bluetooth__controller.a(ctrl.c.obj)
                0x0000de60                radio_scan_data_get
 .text.ll_adv_is_enabled
                0x0000de68       0x10 zephyr/subsys/bluetooth/controller/libsubsys__bluetooth__controller.a(ctrl.c.obj)
                0x0000de68                ll_adv_is_enabled
 .text.radio_adv_filter_pol_get
                0x0000de78       0x18 zephyr/subsys/bluetooth/controller/libsubsys__bluetooth__controller.a(ctrl.c.obj)
                0x0000de78                radio_adv_filter_pol_get
 .text.ll_scan_is_enabled
                0x0000de90       0x2c zephyr/subsys/bluetooth/controller/libsubsys__bluetooth__controller.a(ctrl.c.obj)
                0x0000de90                ll_scan_is_enabled
 .text.radio_scan_filter_pol_get
                0x0000debc       0x1c zephyr/subsys/bluetooth/controller/libsubsys__bluetooth__controller.a(ctrl.c.obj)
                0x0000debc                radio_scan_filter_pol_get
 .text.ll_length_default_get
                0x0000ded8       0x14 zephyr/subsys/bluetooth/controller/libsubsys__bluetooth__controller.a(ctrl.c.obj)
                0x0000ded8                ll_length_default_get
 .text.ll_length_default_set
                0x0000deec       0x14 zephyr/subsys/bluetooth/controller/libsubsys__bluetooth__controller.a(ctrl.c.obj)
                0x0000deec                ll_length_default_set
 .text.ll_phy_default_set
                0x0000df00       0x14 zephyr/subsys/bluetooth/controller/libsubsys__bluetooth__controller.a(ctrl.c.obj)
                0x0000df00                ll_phy_default_set
 .text.ll_rx_get
                0x0000df14       0x70 zephyr/subsys/bluetooth/controller/libsubsys__bluetooth__controller.a(ctrl.c.obj)
                0x0000df14                ll_rx_get
 .text.ll_rx_mem_release
                0x0000df84       0x6c zephyr/subsys/bluetooth/controller/libsubsys__bluetooth__controller.a(ctrl.c.obj)
                0x0000df84                ll_rx_mem_release
 .text.radio_rx_fc_set
                0x0000dff0       0xa4 zephyr/subsys/bluetooth/controller/libsubsys__bluetooth__controller.a(ctrl.c.obj)
                0x0000dff0                radio_rx_fc_set
 .text.ll_tx_mem_acquire
                0x0000e094        0xc zephyr/subsys/bluetooth/controller/libsubsys__bluetooth__controller.a(ctrl.c.obj)
                0x0000e094                ll_tx_mem_acquire
 .text.ll_tx_mem_release
                0x0000e0a0        0xc zephyr/subsys/bluetooth/controller/libsubsys__bluetooth__controller.a(ctrl.c.obj)
                0x0000e0a0                ll_tx_mem_release
 .text.ll_tx_mem_enqueue
                0x0000e0ac       0xc0 zephyr/subsys/bluetooth/controller/libsubsys__bluetooth__controller.a(ctrl.c.obj)
                0x0000e0ac                ll_tx_mem_enqueue
 .text.radio_adv_disable
                0x0000e16c       0x58 zephyr/subsys/bluetooth/controller/libsubsys__bluetooth__controller.a(ctrl.c.obj)
                0x0000e16c                radio_adv_disable
 .text.ll_rx_dequeue
                0x0000e1c4       0xe4 zephyr/subsys/bluetooth/controller/libsubsys__bluetooth__controller.a(ctrl.c.obj)
                0x0000e1c4                ll_rx_dequeue
 .text.rtc0_nrf5_isr
                0x0000e2a8       0x24 zephyr/subsys/bluetooth/controller/libsubsys__bluetooth__controller.a(ll.c.obj)
 .text.radio_event_callback
                0x0000e2cc        0xc zephyr/subsys/bluetooth/controller/libsubsys__bluetooth__controller.a(ll.c.obj)
                0x0000e2cc                radio_event_callback
 .text.ll_init  0x0000e2d8      0x110 zephyr/subsys/bluetooth/controller/libsubsys__bluetooth__controller.a(ll.c.obj)
                0x0000e2d8                ll_init
 .text.ll_adv_set_get
                0x0000e3e8        0x8 zephyr/subsys/bluetooth/controller/libsubsys__bluetooth__controller.a(ll_adv.c.obj)
                0x0000e3e8                ll_adv_set_get
 .text.ll_adv_params_set
                0x0000e3f0      0x288 zephyr/subsys/bluetooth/controller/libsubsys__bluetooth__controller.a(ll_adv.c.obj)
                0x0000e3f0                ll_adv_params_set
 .text.ll_adv_enable
                0x0000e678      0x100 zephyr/subsys/bluetooth/controller/libsubsys__bluetooth__controller.a(ll_adv.c.obj)
                0x0000e678                ll_adv_enable
 .text.wl_find  0x0000e778       0x68 zephyr/subsys/bluetooth/controller/libsubsys__bluetooth__controller.a(ll_filter.c.obj)
 .text.filter_rl_update
                0x0000e7e0       0x50 zephyr/subsys/bluetooth/controller/libsubsys__bluetooth__controller.a(ll_filter.c.obj)
 .text.filter_wl_update
                0x0000e830       0x7c zephyr/subsys/bluetooth/controller/libsubsys__bluetooth__controller.a(ll_filter.c.obj)
 .text.ctrl_lrpa_get
                0x0000e8ac       0x28 zephyr/subsys/bluetooth/controller/libsubsys__bluetooth__controller.a(ll_filter.c.obj)
                0x0000e8ac                ctrl_lrpa_get
 .text.ctrl_irks_get
                0x0000e8d4       0x14 zephyr/subsys/bluetooth/controller/libsubsys__bluetooth__controller.a(ll_filter.c.obj)
                0x0000e8d4                ctrl_irks_get
 .text.ctrl_rl_idx
                0x0000e8e8       0x40 zephyr/subsys/bluetooth/controller/libsubsys__bluetooth__controller.a(ll_filter.c.obj)
                0x0000e8e8                ctrl_rl_idx
 .text.ctrl_rl_irk_idx
                0x0000e928       0x38 zephyr/subsys/bluetooth/controller/libsubsys__bluetooth__controller.a(ll_filter.c.obj)
                0x0000e928                ctrl_rl_irk_idx
 .text.ctrl_irk_whitelisted
                0x0000e960       0x2c zephyr/subsys/bluetooth/controller/libsubsys__bluetooth__controller.a(ll_filter.c.obj)
                0x0000e960                ctrl_irk_whitelisted
 .text.ctrl_filter_get
                0x0000e98c       0x18 zephyr/subsys/bluetooth/controller/libsubsys__bluetooth__controller.a(ll_filter.c.obj)
                0x0000e98c                ctrl_filter_get
 .text.ll_wl_clear
                0x0000e9a4       0x78 zephyr/subsys/bluetooth/controller/libsubsys__bluetooth__controller.a(ll_filter.c.obj)
                0x0000e9a4                ll_wl_clear
 .text.ll_wl_remove
                0x0000ea1c       0x70 zephyr/subsys/bluetooth/controller/libsubsys__bluetooth__controller.a(ll_filter.c.obj)
                0x0000ea1c                ll_wl_remove
 .text.ll_filters_adv_update
                0x0000ea8c       0x44 zephyr/subsys/bluetooth/controller/libsubsys__bluetooth__controller.a(ll_filter.c.obj)
                0x0000ea8c                ll_filters_adv_update
 .text.ll_rl_find
                0x0000ead0       0x6c zephyr/subsys/bluetooth/controller/libsubsys__bluetooth__controller.a(ll_filter.c.obj)
                0x0000ead0                ll_rl_find
 .text.ll_wl_add
                0x0000eb3c       0xb4 zephyr/subsys/bluetooth/controller/libsubsys__bluetooth__controller.a(ll_filter.c.obj)
                0x0000eb3c                ll_wl_add
 .text.ctrl_rl_idx_allowed
                0x0000ebf0       0x3c zephyr/subsys/bluetooth/controller/libsubsys__bluetooth__controller.a(ll_filter.c.obj)
                0x0000ebf0                ctrl_rl_idx_allowed
 .text.ll_rl_id_addr_get
                0x0000ec2c       0x40 zephyr/subsys/bluetooth/controller/libsubsys__bluetooth__controller.a(ll_filter.c.obj)
                0x0000ec2c                ll_rl_id_addr_get
 .text.ctrl_rl_addr_allowed
                0x0000ec6c       0x78 zephyr/subsys/bluetooth/controller/libsubsys__bluetooth__controller.a(ll_filter.c.obj)
                0x0000ec6c                ctrl_rl_addr_allowed
 .text.ctrl_rl_addr_resolve
                0x0000ece4       0x40 zephyr/subsys/bluetooth/controller/libsubsys__bluetooth__controller.a(ll_filter.c.obj)
                0x0000ece4                ctrl_rl_addr_resolve
 .text.ctrl_rl_enabled
                0x0000ed24       0x10 zephyr/subsys/bluetooth/controller/libsubsys__bluetooth__controller.a(ll_filter.c.obj)
                0x0000ed24                ctrl_rl_enabled
 .text.ll_rl_pdu_adv_update
                0x0000ed34       0xac zephyr/subsys/bluetooth/controller/libsubsys__bluetooth__controller.a(ll_filter.c.obj)
                0x0000ed34                ll_rl_pdu_adv_update
 .text.ll_rl_rpa_update
                0x0000ede0      0x1b4 zephyr/subsys/bluetooth/controller/libsubsys__bluetooth__controller.a(ll_filter.c.obj)
                0x0000ede0                ll_rl_rpa_update
 .text.rpa_timeout
                0x0000ef94       0x24 zephyr/subsys/bluetooth/controller/libsubsys__bluetooth__controller.a(ll_filter.c.obj)
 .text.ll_adv_scan_state_cb
                0x0000efb8       0x20 zephyr/subsys/bluetooth/controller/libsubsys__bluetooth__controller.a(ll_filter.c.obj)
                0x0000efb8                ll_adv_scan_state_cb
 .text.ll_rl_clear
                0x0000efd8       0x7c zephyr/subsys/bluetooth/controller/libsubsys__bluetooth__controller.a(ll_filter.c.obj)
                0x0000efd8                ll_rl_clear
 .text.ll_rl_add
                0x0000f054      0x140 zephyr/subsys/bluetooth/controller/libsubsys__bluetooth__controller.a(ll_filter.c.obj)
                0x0000f054                ll_rl_add
 .text.ll_rl_remove
                0x0000f194       0xd4 zephyr/subsys/bluetooth/controller/libsubsys__bluetooth__controller.a(ll_filter.c.obj)
                0x0000f194                ll_rl_remove
 .text.ll_rl_crpa_set
                0x0000f268       0x44 zephyr/subsys/bluetooth/controller/libsubsys__bluetooth__controller.a(ll_filter.c.obj)
                0x0000f268                ll_rl_crpa_set
 .text.ll_rl_crpa_get
                0x0000f2ac       0x40 zephyr/subsys/bluetooth/controller/libsubsys__bluetooth__controller.a(ll_filter.c.obj)
                0x0000f2ac                ll_rl_crpa_get
 .text.ll_rl_lrpa_get
                0x0000f2ec       0x30 zephyr/subsys/bluetooth/controller/libsubsys__bluetooth__controller.a(ll_filter.c.obj)
                0x0000f2ec                ll_rl_lrpa_get
 .text.ll_rl_enable
                0x0000f31c       0x2c zephyr/subsys/bluetooth/controller/libsubsys__bluetooth__controller.a(ll_filter.c.obj)
                0x0000f31c                ll_rl_enable
 .text.ll_rl_timeout_set
                0x0000f348       0x10 zephyr/subsys/bluetooth/controller/libsubsys__bluetooth__controller.a(ll_filter.c.obj)
                0x0000f348                ll_rl_timeout_set
 .text.ll_priv_mode_set
                0x0000f358       0x54 zephyr/subsys/bluetooth/controller/libsubsys__bluetooth__controller.a(ll_filter.c.obj)
                0x0000f358                ll_priv_mode_set
 .text.ll_filter_reset
                0x0000f3ac      0x110 zephyr/subsys/bluetooth/controller/libsubsys__bluetooth__controller.a(ll_filter.c.obj)
                0x0000f3ac                ll_filter_reset
 .text.cntr_init
                0x0000f4bc       0x1c zephyr/subsys/bluetooth/controller/libsubsys__bluetooth__controller.a(cntr.c.obj)
                0x0000f4bc                cntr_init
 .text.cntr_start
                0x0000f4d8       0x1c zephyr/subsys/bluetooth/controller/libsubsys__bluetooth__controller.a(cntr.c.obj)
                0x0000f4d8                cntr_start
 .text.cntr_stop
                0x0000f4f4       0x30 zephyr/subsys/bluetooth/controller/libsubsys__bluetooth__controller.a(cntr.c.obj)
                0x0000f4f4                cntr_stop
 .text.cntr_cnt_get
                0x0000f524        0xc zephyr/subsys/bluetooth/controller/libsubsys__bluetooth__controller.a(cntr.c.obj)
                0x0000f524                cntr_cnt_get
 .text.cntr_cmp_set
                0x0000f530       0x10 zephyr/subsys/bluetooth/controller/libsubsys__bluetooth__controller.a(cntr.c.obj)
                0x0000f530                cntr_cmp_set
 .text.do_ecb   0x0000f540       0x58 zephyr/subsys/bluetooth/controller/libsubsys__bluetooth__controller.a(ecb.c.obj)
 .text.hal_radio_enable_on_tick_ppi_config_and_enable
                0x0000f598       0x28 zephyr/subsys/bluetooth/controller/libsubsys__bluetooth__controller.a(radio.c.obj)
 .text.sw_switch.isra.10
                0x0000f5c0       0xcc zephyr/subsys/bluetooth/controller/libsubsys__bluetooth__controller.a(radio.c.obj)
 .text.isr_radio
                0x0000f68c       0x20 zephyr/subsys/bluetooth/controller/libsubsys__bluetooth__controller.a(radio.c.obj)
                0x0000f68c                isr_radio
 .text.radio_isr_set
                0x0000f6ac       0x40 zephyr/subsys/bluetooth/controller/libsubsys__bluetooth__controller.a(radio.c.obj)
                0x0000f6ac                radio_isr_set
 .text.radio_reset
                0x0000f6ec       0x1c zephyr/subsys/bluetooth/controller/libsubsys__bluetooth__controller.a(radio.c.obj)
                0x0000f6ec                radio_reset
 .text.radio_phy_set
                0x0000f708       0x20 zephyr/subsys/bluetooth/controller/libsubsys__bluetooth__controller.a(radio.c.obj)
                0x0000f708                radio_phy_set
 .text.radio_tx_power_set
                0x0000f728        0xc zephyr/subsys/bluetooth/controller/libsubsys__bluetooth__controller.a(radio.c.obj)
                0x0000f728                radio_tx_power_set
 .text.radio_freq_chan_set
                0x0000f734        0xc zephyr/subsys/bluetooth/controller/libsubsys__bluetooth__controller.a(radio.c.obj)
                0x0000f734                radio_freq_chan_set
 .text.radio_whiten_iv_set
                0x0000f740       0x24 zephyr/subsys/bluetooth/controller/libsubsys__bluetooth__controller.a(radio.c.obj)
                0x0000f740                radio_whiten_iv_set
 .text.radio_aa_set
                0x0000f764       0x30 zephyr/subsys/bluetooth/controller/libsubsys__bluetooth__controller.a(radio.c.obj)
                0x0000f764                radio_aa_set
 .text.radio_pkt_configure
                0x0000f794       0x5c zephyr/subsys/bluetooth/controller/libsubsys__bluetooth__controller.a(radio.c.obj)
                0x0000f794                radio_pkt_configure
 .text.radio_pkt_rx_set
                0x0000f7f0        0xc zephyr/subsys/bluetooth/controller/libsubsys__bluetooth__controller.a(radio.c.obj)
                0x0000f7f0                radio_pkt_rx_set
 .text.radio_pkt_tx_set
                0x0000f7fc        0xc zephyr/subsys/bluetooth/controller/libsubsys__bluetooth__controller.a(radio.c.obj)
                0x0000f7fc                radio_pkt_tx_set
 .text.radio_rx_enable
                0x0000f808        0xc zephyr/subsys/bluetooth/controller/libsubsys__bluetooth__controller.a(radio.c.obj)
                0x0000f808                radio_rx_enable
 .text.radio_tx_enable
                0x0000f814        0xc zephyr/subsys/bluetooth/controller/libsubsys__bluetooth__controller.a(radio.c.obj)
                0x0000f814                radio_tx_enable
 .text.radio_disable
                0x0000f820       0x24 zephyr/subsys/bluetooth/controller/libsubsys__bluetooth__controller.a(radio.c.obj)
                0x0000f820                radio_disable
 .text.radio_status_reset
                0x0000f844       0x18 zephyr/subsys/bluetooth/controller/libsubsys__bluetooth__controller.a(radio.c.obj)
                0x0000f844                radio_status_reset
 .text.radio_is_ready
                0x0000f85c       0x14 zephyr/subsys/bluetooth/controller/libsubsys__bluetooth__controller.a(radio.c.obj)
                0x0000f85c                radio_is_ready
 .text.radio_is_done
                0x0000f870       0x14 zephyr/subsys/bluetooth/controller/libsubsys__bluetooth__controller.a(radio.c.obj)
                0x0000f870                radio_is_done
 .text.radio_is_idle
                0x0000f884       0x14 zephyr/subsys/bluetooth/controller/libsubsys__bluetooth__controller.a(radio.c.obj)
                0x0000f884                radio_is_idle
 .text.radio_crc_configure
                0x0000f898       0x18 zephyr/subsys/bluetooth/controller/libsubsys__bluetooth__controller.a(radio.c.obj)
                0x0000f898                radio_crc_configure
 .text.radio_crc_is_valid
                0x0000f8b0       0x14 zephyr/subsys/bluetooth/controller/libsubsys__bluetooth__controller.a(radio.c.obj)
                0x0000f8b0                radio_crc_is_valid
 .text.radio_pkt_empty_get
                0x0000f8c4        0x8 zephyr/subsys/bluetooth/controller/libsubsys__bluetooth__controller.a(radio.c.obj)
                0x0000f8c4                radio_pkt_empty_get
 .text.radio_pkt_scratch_get
                0x0000f8cc        0x8 zephyr/subsys/bluetooth/controller/libsubsys__bluetooth__controller.a(radio.c.obj)
                0x0000f8cc                radio_pkt_scratch_get
 .text.radio_switch_complete_and_rx
                0x0000f8d4       0x18 zephyr/subsys/bluetooth/controller/libsubsys__bluetooth__controller.a(radio.c.obj)
                0x0000f8d4                radio_switch_complete_and_rx
 .text.radio_switch_complete_and_tx
                0x0000f8ec       0x14 zephyr/subsys/bluetooth/controller/libsubsys__bluetooth__controller.a(radio.c.obj)
                0x0000f8ec                radio_switch_complete_and_tx
 .text.radio_switch_complete_and_disable
                0x0000f900       0x1c zephyr/subsys/bluetooth/controller/libsubsys__bluetooth__controller.a(radio.c.obj)
                0x0000f900                radio_switch_complete_and_disable
 .text.radio_rssi_measure
                0x0000f91c       0x14 zephyr/subsys/bluetooth/controller/libsubsys__bluetooth__controller.a(radio.c.obj)
                0x0000f91c                radio_rssi_measure
 .text.radio_rssi_get
                0x0000f930        0xc zephyr/subsys/bluetooth/controller/libsubsys__bluetooth__controller.a(radio.c.obj)
                0x0000f930                radio_rssi_get
 .text.radio_rssi_status_reset
                0x0000f93c       0x10 zephyr/subsys/bluetooth/controller/libsubsys__bluetooth__controller.a(radio.c.obj)
                0x0000f93c                radio_rssi_status_reset
 .text.radio_rssi_is_ready
                0x0000f94c       0x14 zephyr/subsys/bluetooth/controller/libsubsys__bluetooth__controller.a(radio.c.obj)
                0x0000f94c                radio_rssi_is_ready
 .text.radio_filter_configure
                0x0000f960       0x34 zephyr/subsys/bluetooth/controller/libsubsys__bluetooth__controller.a(radio.c.obj)
                0x0000f960                radio_filter_configure
 .text.radio_filter_disable
                0x0000f994       0x14 zephyr/subsys/bluetooth/controller/libsubsys__bluetooth__controller.a(radio.c.obj)
                0x0000f994                radio_filter_disable
 .text.radio_filter_status_reset
                0x0000f9a8       0x10 zephyr/subsys/bluetooth/controller/libsubsys__bluetooth__controller.a(radio.c.obj)
                0x0000f9a8                radio_filter_status_reset
 .text.radio_filter_has_match
                0x0000f9b8       0x14 zephyr/subsys/bluetooth/controller/libsubsys__bluetooth__controller.a(radio.c.obj)
                0x0000f9b8                radio_filter_has_match
 .text.radio_filter_match_get
                0x0000f9cc        0xc zephyr/subsys/bluetooth/controller/libsubsys__bluetooth__controller.a(radio.c.obj)
                0x0000f9cc                radio_filter_match_get
 .text.radio_bc_configure
                0x0000f9d8       0x18 zephyr/subsys/bluetooth/controller/libsubsys__bluetooth__controller.a(radio.c.obj)
                0x0000f9d8                radio_bc_configure
 .text.radio_tmr_status_reset
                0x0000f9f0       0x20 zephyr/subsys/bluetooth/controller/libsubsys__bluetooth__controller.a(radio.c.obj)
                0x0000f9f0                radio_tmr_status_reset
 .text.radio_tmr_tifs_set
                0x0000fa10       0x18 zephyr/subsys/bluetooth/controller/libsubsys__bluetooth__controller.a(radio.c.obj)
                0x0000fa10                radio_tmr_tifs_set
 .text.radio_tmr_start
                0x0000fa28       0xf0 zephyr/subsys/bluetooth/controller/libsubsys__bluetooth__controller.a(radio.c.obj)
                0x0000fa28                radio_tmr_start
 .text.radio_tmr_stop
                0x0000fb18       0x18 zephyr/subsys/bluetooth/controller/libsubsys__bluetooth__controller.a(radio.c.obj)
                0x0000fb18                radio_tmr_stop
 .text.radio_tmr_hcto_configure
                0x0000fb30       0x18 zephyr/subsys/bluetooth/controller/libsubsys__bluetooth__controller.a(radio.c.obj)
                0x0000fb30                radio_tmr_hcto_configure
 .text.radio_tmr_aa_capture
                0x0000fb48       0x28 zephyr/subsys/bluetooth/controller/libsubsys__bluetooth__controller.a(radio.c.obj)
                0x0000fb48                radio_tmr_aa_capture
 .text.radio_tmr_aa_get
                0x0000fb70        0xc zephyr/subsys/bluetooth/controller/libsubsys__bluetooth__controller.a(radio.c.obj)
                0x0000fb70                radio_tmr_aa_get
 .text.radio_tmr_aa_save
                0x0000fb7c        0xc zephyr/subsys/bluetooth/controller/libsubsys__bluetooth__controller.a(radio.c.obj)
                0x0000fb7c                radio_tmr_aa_save
 .text.radio_tmr_aa_restore
                0x0000fb88        0xc zephyr/subsys/bluetooth/controller/libsubsys__bluetooth__controller.a(radio.c.obj)
                0x0000fb88                radio_tmr_aa_restore
 .text.radio_tmr_ready_get
                0x0000fb94        0xc zephyr/subsys/bluetooth/controller/libsubsys__bluetooth__controller.a(radio.c.obj)
                0x0000fb94                radio_tmr_ready_get
 .text.radio_tmr_end_capture
                0x0000fba0       0x10 zephyr/subsys/bluetooth/controller/libsubsys__bluetooth__controller.a(radio.c.obj)
                0x0000fba0                radio_tmr_end_capture
 .text.radio_tmr_end_get
                0x0000fbb0        0xc zephyr/subsys/bluetooth/controller/libsubsys__bluetooth__controller.a(radio.c.obj)
                0x0000fbb0                radio_tmr_end_get
 .text.radio_tmr_tifs_base_get
                0x0000fbbc        0xc zephyr/subsys/bluetooth/controller/libsubsys__bluetooth__controller.a(radio.c.obj)
                0x0000fbbc                radio_tmr_tifs_base_get
 .text.radio_ccm_rx_pkt_set
                0x0000fbc8       0x68 zephyr/subsys/bluetooth/controller/libsubsys__bluetooth__controller.a(radio.c.obj)
                0x0000fbc8                radio_ccm_rx_pkt_set
 .text.radio_ccm_tx_pkt_set
                0x0000fc30       0x4c zephyr/subsys/bluetooth/controller/libsubsys__bluetooth__controller.a(radio.c.obj)
                0x0000fc30                radio_ccm_tx_pkt_set
 .text.radio_ccm_is_done
                0x0000fc7c       0x3c zephyr/subsys/bluetooth/controller/libsubsys__bluetooth__controller.a(radio.c.obj)
                0x0000fc7c                radio_ccm_is_done
 .text.radio_ccm_mic_is_valid
                0x0000fcb8       0x14 zephyr/subsys/bluetooth/controller/libsubsys__bluetooth__controller.a(radio.c.obj)
                0x0000fcb8                radio_ccm_mic_is_valid
 .text.radio_ar_configure
                0x0000fccc       0x58 zephyr/subsys/bluetooth/controller/libsubsys__bluetooth__controller.a(radio.c.obj)
                0x0000fccc                radio_ar_configure
 .text.radio_ar_match_get
                0x0000fd24        0xc zephyr/subsys/bluetooth/controller/libsubsys__bluetooth__controller.a(radio.c.obj)
                0x0000fd24                radio_ar_match_get
 .text.radio_ar_status_reset
                0x0000fd30       0x18 zephyr/subsys/bluetooth/controller/libsubsys__bluetooth__controller.a(radio.c.obj)
                0x0000fd30                radio_ar_status_reset
 .text.radio_ar_has_match
                0x0000fd48       0x28 zephyr/subsys/bluetooth/controller/libsubsys__bluetooth__controller.a(radio.c.obj)
                0x0000fd48                radio_ar_has_match
 .text.mayfly_pend
                0x0000fd70       0x28 zephyr/subsys/bluetooth/controller/libsubsys__bluetooth__controller.a(mayfly.c.obj)
                0x0000fd70                mayfly_pend
 .text.hal_ticker_instance0_caller_id_get
                0x0000fd98       0x20 zephyr/subsys/bluetooth/controller/libsubsys__bluetooth__controller.a(ticker.c.obj)
                0x0000fd98                hal_ticker_instance0_caller_id_get
 .text.hal_ticker_instance0_sched
                0x0000fdb8       0x78 zephyr/subsys/bluetooth/controller/libsubsys__bluetooth__controller.a(ticker.c.obj)
                0x0000fdb8                hal_ticker_instance0_sched
 .text.net_buf_pool_get
                0x0000fe30        0xc zephyr/subsys/net/libsubsys__net.a(buf.c.obj)
                0x0000fe30                net_buf_pool_get
 .text.net_buf_id
                0x0000fe3c       0x1c zephyr/subsys/net/libsubsys__net.a(buf.c.obj)
                0x0000fe3c                net_buf_id
 .text.fixed_data_alloc
                0x0000fe58       0x2c zephyr/subsys/net/libsubsys__net.a(buf.c.obj)
 .text.net_buf_alloc_len
                0x0000fe84       0xe4 zephyr/subsys/net/libsubsys__net.a(buf.c.obj)
                0x0000fe84                net_buf_alloc_len
 .text.net_buf_unref
                0x0000ff68       0x5c zephyr/subsys/net/libsubsys__net.a(buf.c.obj)
                0x0000ff68                net_buf_unref
 .text.gpio_nrfx_init
                0x0000ffc4       0x30 zephyr/drivers/gpio/libdrivers__gpio.a(gpio_nrfx.c.obj)
 .text.gpiote_event_handler
                0x0000fff4      0x13c zephyr/drivers/gpio/libdrivers__gpio.a(gpio_nrfx.c.obj)
 .text.gpiote_pin_int_cfg
                0x00010130      0x144 zephyr/drivers/gpio/libdrivers__gpio.a(gpio_nrfx.c.obj)
 .text.pwm_nrfx_get_cycles_per_sec
                0x00010274       0x10 zephyr/drivers/pwm/libdrivers__pwm.a(pwm_nrfx.c.obj)
 .text.pwm_nrfx_init
                0x00010284       0x24 zephyr/drivers/pwm/libdrivers__pwm.a(pwm_nrfx.c.obj)
 .text.uarte_nrfx_configure
                0x000102a8      0x160 zephyr/drivers/serial/libdrivers__serial.a(uart_nrfx_uarte.c.obj)
 .text.rng_pool_get
                0x00010408       0x8c zephyr/drivers/entropy/libdrivers__entropy.a(entropy_nrf5.c.obj)
 .text.entropy_nrf5_get_entropy
                0x00010494       0x50 zephyr/drivers/entropy/libdrivers__entropy.a(entropy_nrf5.c.obj)
 .text.random_byte_get
                0x000104e4       0x44 zephyr/drivers/entropy/libdrivers__entropy.a(entropy_nrf5.c.obj)
 .text.entropy_nrf5_get_entropy_isr
                0x00010528       0xa0 zephyr/drivers/entropy/libdrivers__entropy.a(entropy_nrf5.c.obj)
 .text.entropy_nrf5_init
                0x000105c8       0x84 zephyr/drivers/entropy/libdrivers__entropy.a(entropy_nrf5.c.obj)
 .text.isr      0x0001064c       0x74 zephyr/drivers/entropy/libdrivers__entropy.a(entropy_nrf5.c.obj)
 .text.button_pressed
                0x000106c0       0x6c zephyr/modules/nrf/lib/dk_buttons_and_leds/lib..__nrf__lib__dk_buttons_and_leds.a(dk_buttons_and_leds.c.obj)
 .text.buttons_scan_fn
                0x0001072c       0xf4 zephyr/modules/nrf/lib/dk_buttons_and_leds/lib..__nrf__lib__dk_buttons_and_leds.a(dk_buttons_and_leds.c.obj)
 .text.dk_read_buttons
                0x00010820       0x28 zephyr/modules/nrf/lib/dk_buttons_and_leds/lib..__nrf__lib__dk_buttons_and_leds.a(dk_buttons_and_leds.c.obj)
                0x00010820                dk_read_buttons
 .text.dk_buttons_init
                0x00010848      0x120 zephyr/modules/nrf/lib/dk_buttons_and_leds/lib..__nrf__lib__dk_buttons_and_leds.a(dk_buttons_and_leds.c.obj)
                0x00010848                dk_buttons_init
 .text.z_sys_device_do_config_level
                0x00010968       0x2c zephyr/kernel/libkernel.a(device.c.obj)
                0x00010968                z_sys_device_do_config_level
 .text.z_impl_device_get_binding
                0x00010994       0x4c zephyr/kernel/libkernel.a(device.c.obj)
                0x00010994                z_impl_device_get_binding
 .text.z_fatal_print
                0x000109e0       0x34 zephyr/kernel/libkernel.a(fatal.c.obj)
                0x000109e0                z_fatal_print
 .text.k_sys_fatal_error_handler
                0x00010a14       0x14 zephyr/kernel/libkernel.a(fatal.c.obj)
                0x00010a14                k_sys_fatal_error_handler
 .text.z_fatal_error
                0x00010a28       0x68 zephyr/kernel/libkernel.a(fatal.c.obj)
                0x00010a28                z_fatal_error
 .text.idle     0x00010a90       0x34 zephyr/kernel/libkernel.a(idle.c.obj)
                0x00010a90                idle
 .text.z_bss_zero
                0x00010ac4       0x14 zephyr/kernel/libkernel.a(init.c.obj)
                0x00010ac4                z_bss_zero
 .text.z_data_copy
                0x00010ad8       0x34 zephyr/kernel/libkernel.a(init.c.obj)
                0x00010ad8                z_data_copy
 .text.bg_thread_main
                0x00010b0c       0x30 zephyr/kernel/libkernel.a(init.c.obj)
 .text.z_cstart
                0x00010b3c      0x134 zephyr/kernel/libkernel.a(init.c.obj)
                0x00010b3c                z_cstart
 .text.init_static_pools
                0x00010c70       0x28 zephyr/kernel/libkernel.a(mempool.c.obj)
                0x00010c70                init_static_pools
 .text.k_mem_pool_alloc
                0x00010c98       0xb4 zephyr/kernel/libkernel.a(mempool.c.obj)
                0x00010c98                k_mem_pool_alloc
 .text.k_mem_pool_free_id
                0x00010d4c       0x58 zephyr/kernel/libkernel.a(mempool.c.obj)
                0x00010d4c                k_mem_pool_free_id
 .text.k_malloc
                0x00010da4        0xc zephyr/kernel/libkernel.a(mempool.c.obj)
                0x00010da4                k_malloc
 .text.z_thread_malloc
                0x00010db0       0x14 zephyr/kernel/libkernel.a(mempool.c.obj)
                0x00010db0                z_thread_malloc
 .text.resched.part.15
                0x00010dc4       0x24 zephyr/kernel/libkernel.a(sched.c.obj)
 .text.reset_time_slice
                0x00010de8       0x2c zephyr/kernel/libkernel.a(sched.c.obj)
 .text.k_sched_time_slice_set
                0x00010e14       0x58 zephyr/kernel/libkernel.a(sched.c.obj)
                0x00010e14                k_sched_time_slice_set
 .text.k_sched_lock
                0x00010e6c       0x28 zephyr/kernel/libkernel.a(sched.c.obj)
                0x00010e6c                k_sched_lock
 .text.z_priq_dumb_remove
                0x00010e94       0x2c zephyr/kernel/libkernel.a(sched.c.obj)
                0x00010e94                z_priq_dumb_remove
 .text.update_cache
                0x00010ec0       0x3c zephyr/kernel/libkernel.a(sched.c.obj)
 .text.k_sched_unlock
                0x00010efc       0x38 zephyr/kernel/libkernel.a(sched.c.obj)
                0x00010efc                k_sched_unlock
 .text.z_add_thread_to_ready_q
                0x00010f34       0x70 zephyr/kernel/libkernel.a(sched.c.obj)
                0x00010f34                z_add_thread_to_ready_q
 .text.z_move_thread_to_end_of_prio_q
                0x00010fa4       0x80 zephyr/kernel/libkernel.a(sched.c.obj)
                0x00010fa4                z_move_thread_to_end_of_prio_q
 .text.z_time_slice
                0x00011024       0x70 zephyr/kernel/libkernel.a(sched.c.obj)
                0x00011024                z_time_slice
 .text.z_remove_thread_from_ready_q
                0x00011094       0x4c zephyr/kernel/libkernel.a(sched.c.obj)
                0x00011094                z_remove_thread_from_ready_q
 .text.pend     0x000110e0       0x84 zephyr/kernel/libkernel.a(sched.c.obj)
 .text.z_pend_curr_irqlock
                0x00011164       0x48 zephyr/kernel/libkernel.a(sched.c.obj)
                0x00011164                z_pend_curr_irqlock
 .text.z_pend_curr
                0x000111ac       0x28 zephyr/kernel/libkernel.a(sched.c.obj)
                0x000111ac                z_pend_curr
 .text.z_tick_sleep.part.18
                0x000111d4       0x5c zephyr/kernel/libkernel.a(sched.c.obj)
 .text.z_sched_init
                0x00011230       0x18 zephyr/kernel/libkernel.a(sched.c.obj)
                0x00011230                z_sched_init
 .text.z_impl_k_yield
                0x00011248       0x94 zephyr/kernel/libkernel.a(sched.c.obj)
                0x00011248                z_impl_k_yield
 .text.z_impl_k_current_get
                0x000112dc        0xc zephyr/kernel/libkernel.a(sched.c.obj)
                0x000112dc                z_impl_k_current_get
 .text.z_impl_k_sem_give
                0x000112e8       0x58 zephyr/kernel/libkernel.a(sem.c.obj)
                0x000112e8                z_impl_k_sem_give
 .text.z_impl_k_sem_take
                0x00011340       0x48 zephyr/kernel/libkernel.a(sem.c.obj)
                0x00011340                z_impl_k_sem_take
 .text.k_sys_work_q_init
                0x00011388       0x30 zephyr/kernel/libkernel.a(system_work_q.c.obj)
 .text.z_impl_k_thread_start
                0x000113b8       0x48 zephyr/kernel/libkernel.a(thread.c.obj)
                0x000113b8                z_impl_k_thread_start
 .text.z_setup_new_thread
                0x00011400       0x34 zephyr/kernel/libkernel.a(thread.c.obj)
                0x00011400                z_setup_new_thread
 .text.z_impl_k_thread_create
                0x00011434       0x60 zephyr/kernel/libkernel.a(thread.c.obj)
                0x00011434                z_impl_k_thread_create
 .text.z_init_static_threads
                0x00011494       0xb4 zephyr/kernel/libkernel.a(thread.c.obj)
                0x00011494                z_init_static_threads
 .text.k_work_q_start
                0x00011548       0x48 zephyr/kernel/libkernel.a(work_q.c.obj)
                0x00011548                k_work_q_start
 .text.k_delayed_work_submit_to_queue
                0x00011590       0x88 zephyr/kernel/libkernel.a(work_q.c.obj)
                0x00011590                k_delayed_work_submit_to_queue
 .text.elapsed  0x00011618       0x14 zephyr/kernel/libkernel.a(timeout.c.obj)
 .text.remove_timeout
                0x0001162c       0x2c zephyr/kernel/libkernel.a(timeout.c.obj)
 .text.next_timeout
                0x00011658       0x38 zephyr/kernel/libkernel.a(timeout.c.obj)
 .text.z_add_timeout
                0x00011690       0x88 zephyr/kernel/libkernel.a(timeout.c.obj)
                0x00011690                z_add_timeout
 .text.z_clock_announce
                0x00011718       0xac zephyr/kernel/libkernel.a(timeout.c.obj)
                0x00011718                z_clock_announce
 .text.z_tick_get
                0x000117c4       0x3c zephyr/kernel/libkernel.a(timeout.c.obj)
                0x000117c4                z_tick_get
 .text.z_impl_k_poll
                0x00011800      0x134 zephyr/kernel/libkernel.a(poll.c.obj)
                0x00011800                z_impl_k_poll
 .text.z_impl_k_poll_signal_raise
                0x00011934       0x54 zephyr/kernel/libkernel.a(poll.c.obj)
                0x00011934                z_impl_k_poll_signal_raise
 .text.z_impl_uart_irq_tx_disable
                0x00011988        0xa app/libapp.a(main.c.obj)
 .text.k_sleep  0x00011992        0x4 app/libapp.a(main.c.obj)
 .text.button_changed
                0x00011996        0x6 app/libapp.a(main.c.obj)
                0x00011996                button_changed
 .text.main     0x0001199c       0x2c app/libapp.a(main.c.obj)
                0x0001199c                main
 .text.gpio_pin_configure.constprop.0
                0x000119c8       0x12 app/libapp.a(board_functions.c.obj)
 .text.gpio_pin_write
                0x000119da       0x12 app/libapp.a(board_functions.c.obj)
 .text.get_bit_ptr
                0x000119ec       0x2a zephyr/libzephyr.a(mempool.c.obj)
 .text.set_free_bit
                0x00011a16       0x1c zephyr/libzephyr.a(mempool.c.obj)
 .text.clear_free_bit
                0x00011a32       0x1e zephyr/libzephyr.a(mempool.c.obj)
 .text.pool_irq_lock.isra.2.part.3
                0x00011a50       0x12 zephyr/libzephyr.a(mempool.c.obj)
 .text.pool_irq_unlock.isra.4
                0x00011a62        0xe zephyr/libzephyr.a(mempool.c.obj)
 .text.z_sys_mem_pool_base_init
                0x00011a70       0x94 zephyr/libzephyr.a(mempool.c.obj)
                0x00011a70                z_sys_mem_pool_base_init
 .text.z_sys_mem_pool_block_alloc
                0x00011b04      0x16a zephyr/libzephyr.a(mempool.c.obj)
                0x00011b04                z_sys_mem_pool_block_alloc
 .text.z_sys_mem_pool_block_free
                0x00011c6e      0x12c zephyr/libzephyr.a(mempool.c.obj)
                0x00011c6e                z_sys_mem_pool_block_free
 .text.z_thread_entry
                0x00011d9a       0x14 zephyr/libzephyr.a(thread_entry.c.obj)
                0x00011d9a                z_thread_entry
 .text.z_work_q_main
                0x00011dae       0x3e zephyr/libzephyr.a(work_q.c.obj)
                0x00011dae                z_work_q_main
 .text.z_arch_printk_char_out
                0x00011dec        0x4 zephyr/libzephyr.a(printk.c.obj)
                0x00011dec                z_arch_printk_char_out
 .text.print_err
                0x00011df0       0x1c zephyr/libzephyr.a(printk.c.obj)
 .text.str_out  0x00011e0c       0x26 zephyr/libzephyr.a(printk.c.obj)
 .text.z_vprintk
                0x00011e32      0x2ec zephyr/libzephyr.a(printk.c.obj)
                0x00011e32                z_vprintk
 .text.printk   0x0001211e       0x1a zephyr/libzephyr.a(printk.c.obj)
                0x0001211e                printk
 .text.snprintk
                0x00012138       0x1a zephyr/libzephyr.a(printk.c.obj)
                0x00012138                snprintk
 .text._ConfigAbsSyms
                0x00012152        0x2 zephyr/libzephyr.a(configs.c.obj)
                0x00012152                _ConfigAbsSyms
 .text.nordicsemi_nrf52_init
                0x00012154       0x26 zephyr/libzephyr.a(soc.c.obj)
 .text.z_platform_init
                0x0001217a        0x4 zephyr/libzephyr.a(soc.c.obj)
                0x0001217a                z_platform_init
 .text._copy    0x0001217e       0x1a zephyr/libzephyr.a(utils.c.obj)
                0x0001217e                _copy
 .text._set     0x00012198        0x4 zephyr/libzephyr.a(utils.c.obj)
                0x00012198                _set
 .text._double_byte
                0x0001219c       0x12 zephyr/libzephyr.a(utils.c.obj)
                0x0001219c                _double_byte
 .text.uECC_make_key
                0x000121ae       0x96 zephyr/libzephyr.a(ecc_dh.c.obj)
                0x000121ae                uECC_make_key
 .text.uECC_shared_secret
                0x00012244       0xbc zephyr/libzephyr.a(ecc_dh.c.obj)
                0x00012244                uECC_shared_secret
 .text.uECC_vli_add
                0x00012300       0x30 zephyr/libzephyr.a(ecc.c.obj)
 .text.uECC_vli_rshift1
                0x00012330       0x1a zephyr/libzephyr.a(ecc.c.obj)
 .text.vli_modInv_update
                0x0001234a       0x38 zephyr/libzephyr.a(ecc.c.obj)
 .text.uECC_vli_mult
                0x00012382      0x11c zephyr/libzephyr.a(ecc.c.obj)
 .text.uECC_vli_clear
                0x0001249e       0x16 zephyr/libzephyr.a(ecc.c.obj)
                0x0001249e                uECC_vli_clear
 .text.uECC_vli_isZero
                0x000124b4       0x1e zephyr/libzephyr.a(ecc.c.obj)
                0x000124b4                uECC_vli_isZero
 .text.uECC_vli_testBit
                0x000124d2       0x14 zephyr/libzephyr.a(ecc.c.obj)
                0x000124d2                uECC_vli_testBit
 .text.uECC_vli_numBits
                0x000124e6       0x44 zephyr/libzephyr.a(ecc.c.obj)
                0x000124e6                uECC_vli_numBits
 .text.uECC_vli_set
                0x0001252a       0x18 zephyr/libzephyr.a(ecc.c.obj)
                0x0001252a                uECC_vli_set
 .text.uECC_vli_cmp_unsafe
                0x00012542       0x34 zephyr/libzephyr.a(ecc.c.obj)
                0x00012542                uECC_vli_cmp_unsafe
 .text.uECC_vli_equal
                0x00012576       0x34 zephyr/libzephyr.a(ecc.c.obj)
                0x00012576                uECC_vli_equal
 .text.uECC_vli_sub
                0x000125aa       0x30 zephyr/libzephyr.a(ecc.c.obj)
                0x000125aa                uECC_vli_sub
 .text.uECC_vli_modAdd
                0x000125da       0x32 zephyr/libzephyr.a(ecc.c.obj)
                0x000125da                uECC_vli_modAdd
 .text.uECC_vli_modSub
                0x0001260c       0x22 zephyr/libzephyr.a(ecc.c.obj)
                0x0001260c                uECC_vli_modSub
 .text.uECC_vli_mmod
                0x0001262e      0x134 zephyr/libzephyr.a(ecc.c.obj)
                0x0001262e                uECC_vli_mmod
 .text.uECC_vli_modMult_fast
                0x00012762       0x20 zephyr/libzephyr.a(ecc.c.obj)
                0x00012762                uECC_vli_modMult_fast
 .text.uECC_vli_modSquare_fast
                0x00012782        0x8 zephyr/libzephyr.a(ecc.c.obj)
 .text.double_jacobian_default
                0x0001278a      0x152 zephyr/libzephyr.a(ecc.c.obj)
                0x0001278a                double_jacobian_default
 .text.x_side_default
                0x000128dc       0x62 zephyr/libzephyr.a(ecc.c.obj)
                0x000128dc                x_side_default
 .text.XYcZ_addC